<html>
<body>
<pre>
<h1>µVision Build Log</h1>
<h2>Tool Versions:</h2>
IDE-Version: ¦ÌVision V5.39.0.0
Copyright (C) 2023 ARM Ltd and ARM Germany GmbH. All rights reserved.
License Information: DY plus, DYplus, LIC=GMZI6-D188F-EVP1R-KYBEZ-XLR22-7LCLI
 
Tool Versions:
Toolchain:       MDK-ARM Plus  Version: 5.39.0.0
Toolchain Path:  D:\Software\Keil\Keil_v5\ARM\ARMCC\Bin
C Compiler:      Armcc.exe V5.06 update 7 (build 960)
Assembler:       Armasm.exe V5.06 update 7 (build 960)
Linker/Locator:  ArmLink.exe V5.06 update 7 (build 960)
Library Manager: ArmAr.exe V5.06 update 7 (build 960)
Hex Converter:   FromElf.exe V5.06 update 7 (build 960)
CPU DLL:         SARMCM3.DLL V5.39.0.0
Dialog DLL:      DCM.DLL V1.17.5.0
Target DLL:      STLink\ST-LINKIII-KEIL_SWO.dll V3.2.0.0
Dialog DLL:      TCM.DLL V1.56.4.0
 
<h2>Project:</h2>
D:\MySTM32\STM32cubemax\two-wheeler_V2.0\MDK-ARM\two-wheeler_V2.0.uvprojx
Project File Date:  11/30/2025

<h2>Output:</h2>
*** Using Compiler 'V5.06 update 7 (build 960)', folder: 'D:\Software\Keil\Keil_v5\ARM\ARMCC\Bin'
Rebuild target 'two-wheeler_V2.0'
assembling startup_stm32f103xb.s...
compiling usart.c...
compiling stm32f1xx_it.c...
compiling i2c.c...
compiling gpio.c...
compiling stm32f1xx_hal_msp.c...
compiling stm32f1xx_hal.c...
compiling stm32f1xx_hal_gpio.c...
compiling stm32f1xx_hal_timebase_tim.c...
compiling freertos.c...
compiling stm32f1xx_hal_dma.c...
compiling stm32f1xx_hal_rcc_ex.c...
compiling croutine.c...
compiling event_groups.c...
compiling list.c...
compiling main.c...
compiling queue.c...
compiling stream_buffer.c...
compiling tim.c...
compiling stm32f1xx_hal_rcc.c...
compiling stm32f1xx_hal_gpio_ex.c...
compiling tasks.c...
compiling timers.c...
compiling heap_4.c...
compiling pid.c...
compiling port.c...
compiling cmsis_os2.c...
compiling stm32f1xx_hal_cortex.c...
compiling stm32f1xx_hal_pwr.c...
compiling system_stm32f1xx.c...
compiling stm32f1xx_hal_flash.c...
compiling stm32f1xx_hal_tim_ex.c...
compiling stm32f1xx_hal_flash_ex.c...
compiling stm32f1xx_hal_exti.c...
compiling stm32f1xx_hal_i2c.c...
compiling stm32f1xx_hal_tim.c...
compiling stm32f1xx_hal_uart.c...
compiling tools.c...
compiling MPU6050_Task.c...
..\MyApps\MPU6050_Task.c(24): warning:  #550-D: variable "xLastWakeTime"  was set but never used
      TickType_t xLastWakeTime; 
..\MyApps\MPU6050_Task.c(17): warning:  #177-D: variable "xFrequency"  was declared but never referenced
  static TickType_t xFrequency = pdMS_TO_TICKS(MPU_TASK_FREQUENCY_MS);
..\MyApps\MPU6050_Task.c: 2 warnings, 0 errors
compiling Control_Task.c...
compiling bluetooth_task.c...
compiling encoder_task.c...
compiling IIC.c...
compiling encoder.c...
compiling OLED_Task.c...
compiling mpu6050.c...
compiling task_init.c...
compiling sr04_Task.c...
compiling motor.c...
compiling inv_mpu.c...
compiling callbacks.c...
compiling inv_mpu_dmp_motion_driver.c...
compiling oled.c...
compiling sr04.c...
linking...
Program Size: Code=35012 RO-data=6256 RW-data=328 ZI-data=15568  
FromELF: creating hex file...
"two-wheeler_V2.0\two-wheeler_V2.0" - 0 Error(s), 2 Warning(s).

<h2>Software Packages used:</h2>

Package Vendor: ARM
                http://www.keil.com/pack/ARM.CMSIS.5.9.0.pack
                ARM::CMSIS@5.9.0
                CMSIS (Common Microcontroller Software Interface Standard)
   * Component: CORE Version: 5.6.0

Package Vendor: Keil
                https://www.keil.com/pack/Keil.STM32F1xx_DFP.2.4.1.pack
                Keil::STM32F1xx_DFP@2.4.1
                STMicroelectronics STM32F1 Series Device Support, Drivers and Examples

<h2>Collection of Component include folders:</h2>
  ./RTE/_two-wheeler_V2.0
  D:/Software/Keil/AppDate/Arm/Packs/ARM/CMSIS/5.9.0/CMSIS/Core/Include
  D:/Software/Keil/AppDate/Arm/Packs/Keil/STM32F1xx_DFP/2.4.1/Device/Include

<h2>Collection of Component Files used:</h2>

   * Component: ARM::CMSIS:CORE@5.6.0
      Include file:  CMSIS/Core/Include/tz_context.h
Build Time Elapsed:  00:00:06
</pre>
</body>
</html>
