Component: ARM Compiler 5.06 update 7 (build 960) Tool: armlink [4d3601]

==============================================================================

Section Cross References

    startup_stm32f103xb.o(STACK) refers (Special) to heapauxi.o(.text) for __use_two_region_memory
    startup_stm32f103xb.o(HEAP) refers (Special) to heapauxi.o(.text) for __use_two_region_memory
    startup_stm32f103xb.o(RESET) refers (Special) to heapauxi.o(.text) for __use_two_region_memory
    startup_stm32f103xb.o(RESET) refers to startup_stm32f103xb.o(STACK) for __initial_sp
    startup_stm32f103xb.o(RESET) refers to startup_stm32f103xb.o(.text) for Reset_Handler
    startup_stm32f103xb.o(RESET) refers to stm32f1xx_it.o(i.NMI_Handler) for NMI_Handler
    startup_stm32f103xb.o(RESET) refers to stm32f1xx_it.o(i.HardFault_Handler) for HardFault_Handler
    startup_stm32f103xb.o(RESET) refers to stm32f1xx_it.o(i.MemManage_Handler) for MemManage_Handler
    startup_stm32f103xb.o(RESET) refers to stm32f1xx_it.o(i.BusFault_Handler) for BusFault_Handler
    startup_stm32f103xb.o(RESET) refers to stm32f1xx_it.o(i.UsageFault_Handler) for UsageFault_Handler
    startup_stm32f103xb.o(RESET) refers to port.o(.emb_text) for SVC_Handler
    startup_stm32f103xb.o(RESET) refers to stm32f1xx_it.o(i.DebugMon_Handler) for DebugMon_Handler
    startup_stm32f103xb.o(RESET) refers to port.o(i.SysTick_Handler) for SysTick_Handler
    startup_stm32f103xb.o(RESET) refers to stm32f1xx_it.o(i.EXTI2_IRQHandler) for EXTI2_IRQHandler
    startup_stm32f103xb.o(RESET) refers to stm32f1xx_it.o(i.EXTI9_5_IRQHandler) for EXTI9_5_IRQHandler
    startup_stm32f103xb.o(RESET) refers to stm32f1xx_it.o(i.TIM3_IRQHandler) for TIM3_IRQHandler
    startup_stm32f103xb.o(RESET) refers to stm32f1xx_it.o(i.USART3_IRQHandler) for USART3_IRQHandler
    startup_stm32f103xb.o(.text) refers (Special) to heapauxi.o(.text) for __use_two_region_memory
    startup_stm32f103xb.o(.text) refers to system_stm32f1xx.o(i.SystemInit) for SystemInit
    startup_stm32f103xb.o(.text) refers to __main.o(!!!main) for __main
    startup_stm32f103xb.o(.text) refers to startup_stm32f103xb.o(HEAP) for Heap_Mem
    startup_stm32f103xb.o(.text) refers to startup_stm32f103xb.o(STACK) for Stack_Mem
    main.o(i.HAL_TIM_PeriodElapsedCallback) refers to stm32f1xx_hal.o(i.HAL_IncTick) for HAL_IncTick
    main.o(i.SystemClock_Config) refers to rt_memclr_w.o(.text) for __aeabi_memclr4
    main.o(i.SystemClock_Config) refers to stm32f1xx_hal_rcc.o(i.HAL_RCC_OscConfig) for HAL_RCC_OscConfig
    main.o(i.SystemClock_Config) refers to stm32f1xx_hal_rcc.o(i.HAL_RCC_ClockConfig) for HAL_RCC_ClockConfig
    main.o(i.main) refers to stm32f1xx_hal.o(i.HAL_Init) for HAL_Init
    main.o(i.main) refers to main.o(i.SystemClock_Config) for SystemClock_Config
    main.o(i.main) refers to gpio.o(i.MX_GPIO_Init) for MX_GPIO_Init
    main.o(i.main) refers to i2c.o(i.MX_I2C1_Init) for MX_I2C1_Init
    main.o(i.main) refers to tim.o(i.MX_TIM1_Init) for MX_TIM1_Init
    main.o(i.main) refers to tim.o(i.MX_TIM2_Init) for MX_TIM2_Init
    main.o(i.main) refers to tim.o(i.MX_TIM4_Init) for MX_TIM4_Init
    main.o(i.main) refers to usart.o(i.MX_USART3_UART_Init) for MX_USART3_UART_Init
    main.o(i.main) refers to sr04.o(i.SR04_Init) for SR04_Init
    main.o(i.main) refers to task_init.o(i.Task_Init) for Task_Init
    main.o(i.main) refers to cmsis_os2.o(i.osKernelInitialize) for osKernelInitialize
    main.o(i.main) refers to freertos.o(i.MX_FREERTOS_Init) for MX_FREERTOS_Init
    main.o(i.main) refers to cmsis_os2.o(i.osKernelStart) for osKernelStart
    gpio.o(i.MX_GPIO_Init) refers to stm32f1xx_hal_gpio.o(i.HAL_GPIO_WritePin) for HAL_GPIO_WritePin
    gpio.o(i.MX_GPIO_Init) refers to stm32f1xx_hal_gpio.o(i.HAL_GPIO_Init) for HAL_GPIO_Init
    gpio.o(i.MX_GPIO_Init) refers to stm32f1xx_hal_cortex.o(i.HAL_NVIC_SetPriority) for HAL_NVIC_SetPriority
    gpio.o(i.MX_GPIO_Init) refers to stm32f1xx_hal_cortex.o(i.HAL_NVIC_EnableIRQ) for HAL_NVIC_EnableIRQ
    freertos.o(i.MX_FREERTOS_Init) refers to cmsis_os2.o(i.osThreadNew) for osThreadNew
    freertos.o(i.MX_FREERTOS_Init) refers to freertos.o(.constdata) for .constdata
    freertos.o(i.MX_FREERTOS_Init) refers to freertos.o(i.StartDefaultTask) for StartDefaultTask
    freertos.o(i.MX_FREERTOS_Init) refers to freertos.o(.data) for .data
    freertos.o(i.StartDefaultTask) refers to cmsis_os2.o(i.osDelay) for osDelay
    freertos.o(.constdata) refers to freertos.o(.conststring) for .conststring
    i2c.o(i.HAL_I2C_MspDeInit) refers to stm32f1xx_hal_gpio.o(i.HAL_GPIO_DeInit) for HAL_GPIO_DeInit
    i2c.o(i.HAL_I2C_MspInit) refers to stm32f1xx_hal_gpio.o(i.HAL_GPIO_Init) for HAL_GPIO_Init
    i2c.o(i.MX_I2C1_Init) refers to stm32f1xx_hal_i2c.o(i.HAL_I2C_Init) for HAL_I2C_Init
    i2c.o(i.MX_I2C1_Init) refers to main.o(i.Error_Handler) for Error_Handler
    i2c.o(i.MX_I2C1_Init) refers to i2c.o(.bss) for .bss
[...]
    HAL_RCC_GetPCLK2Freq                     0x08001afd   Thumb Code    20  stm32f1xx_hal_rcc.o(i.HAL_RCC_GetPCLK2Freq)
    HAL_RCC_GetSysClockFreq                  0x08001b1d   Thumb Code    58  stm32f1xx_hal_rcc.o(i.HAL_RCC_GetSysClockFreq)
    HAL_RCC_OscConfig                        0x08001b69   Thumb Code   778  stm32f1xx_hal_rcc.o(i.HAL_RCC_OscConfig)
    HAL_TIMEx_BreakCallback                  0x08001e89   Thumb Code     2  stm32f1xx_hal_tim_ex.o(i.HAL_TIMEx_BreakCallback)
    HAL_TIMEx_CommutCallback                 0x08001e8b   Thumb Code     2  stm32f1xx_hal_tim_ex.o(i.HAL_TIMEx_CommutCallback)
    HAL_TIMEx_ConfigBreakDeadTime            0x08001e8d   Thumb Code    84  stm32f1xx_hal_tim_ex.o(i.HAL_TIMEx_ConfigBreakDeadTime)
    HAL_TIMEx_MasterConfigSynchronization    0x08001ee1   Thumb Code    92  stm32f1xx_hal_tim_ex.o(i.HAL_TIMEx_MasterConfigSynchronization)
    HAL_TIM_Base_Init                        0x08001f49   Thumb Code    90  stm32f1xx_hal_tim.o(i.HAL_TIM_Base_Init)
    HAL_TIM_Base_MspInit                     0x08001fa3   Thumb Code     2  stm32f1xx_hal_tim.o(i.HAL_TIM_Base_MspInit)
    HAL_TIM_Base_Start_IT                    0x08001fa5   Thumb Code    76  stm32f1xx_hal_tim.o(i.HAL_TIM_Base_Start_IT)
    HAL_TIM_Encoder_Init                     0x08001ffd   Thumb Code   164  stm32f1xx_hal_tim.o(i.HAL_TIM_Encoder_Init)
    HAL_TIM_Encoder_MspInit                  0x080020a1   Thumb Code   122  tim.o(i.HAL_TIM_Encoder_MspInit)
    HAL_TIM_Encoder_Start                    0x0800212d   Thumb Code   142  stm32f1xx_hal_tim.o(i.HAL_TIM_Encoder_Start)
    HAL_TIM_IC_CaptureCallback               0x080021bb   Thumb Code     2  stm32f1xx_hal_tim.o(i.HAL_TIM_IC_CaptureCallback)
    HAL_TIM_IRQHandler                       0x080021bd   Thumb Code   358  stm32f1xx_hal_tim.o(i.HAL_TIM_IRQHandler)
    HAL_TIM_MspPostInit                      0x08002325   Thumb Code    64  tim.o(i.HAL_TIM_MspPostInit)
    HAL_TIM_OC_DelayElapsedCallback          0x08002371   Thumb Code     2  stm32f1xx_hal_tim.o(i.HAL_TIM_OC_DelayElapsedCallback)
    HAL_TIM_PWM_ConfigChannel                0x08002373   Thumb Code   204  stm32f1xx_hal_tim.o(i.HAL_TIM_PWM_ConfigChannel)
    HAL_TIM_PWM_Init                         0x0800243f   Thumb Code    90  stm32f1xx_hal_tim.o(i.HAL_TIM_PWM_Init)
    HAL_TIM_PWM_MspInit                      0x08002499   Thumb Code    30  tim.o(i.HAL_TIM_PWM_MspInit)
    HAL_TIM_PWM_PulseFinishedCallback        0x080024c1   Thumb Code     2  stm32f1xx_hal_tim.o(i.HAL_TIM_PWM_PulseFinishedCallback)
    HAL_TIM_PWM_Start                        0x080024c5   Thumb Code   144  stm32f1xx_hal_tim.o(i.HAL_TIM_PWM_Start)
    HAL_TIM_PeriodElapsedCallback            0x08002561   Thumb Code    14  main.o(i.HAL_TIM_PeriodElapsedCallback)
    HAL_TIM_TriggerCallback                  0x08002575   Thumb Code     2  stm32f1xx_hal_tim.o(i.HAL_TIM_TriggerCallback)
    HAL_UARTEx_RxEventCallback               0x08002577   Thumb Code     2  stm32f1xx_hal_uart.o(i.HAL_UARTEx_RxEventCallback)
    HAL_UART_ErrorCallback                   0x08002579   Thumb Code     2  stm32f1xx_hal_uart.o(i.HAL_UART_ErrorCallback)
    HAL_UART_IRQHandler                      0x0800257d   Thumb Code   616  stm32f1xx_hal_uart.o(i.HAL_UART_IRQHandler)
    HAL_UART_Init                            0x080027e9   Thumb Code   100  stm32f1xx_hal_uart.o(i.HAL_UART_Init)
    HAL_UART_MspInit                         0x0800284d   Thumb Code   116  usart.o(i.HAL_UART_MspInit)
    HAL_UART_Receive_IT                      0x080028cd   Thumb Code    28  stm32f1xx_hal_uart.o(i.HAL_UART_Receive_IT)
    HAL_UART_RxCpltCallback                  0x080028e9   Thumb Code    68  callbacks.o(i.HAL_UART_RxCpltCallback)
    HAL_UART_TxCpltCallback                  0x08002941   Thumb Code     2  stm32f1xx_hal_uart.o(i.HAL_UART_TxCpltCallback)
    HardFault_Handler                        0x08002943   Thumb Code     2  stm32f1xx_it.o(i.HardFault_Handler)
    IIC_Ack                                  0x08002d85   Thumb Code    60  iic.o(i.IIC_Ack)
    IIC_GPIO_Init                            0x08002dd1   Thumb Code    50  iic.o(i.IIC_GPIO_Init)
    IIC_NAck                                 0x08002e0d   Thumb Code    50  iic.o(i.IIC_NAck)
    IIC_Read_Byte                            0x08002e45   Thumb Code    84  iic.o(i.IIC_Read_Byte)
    IIC_Send_Byte                            0x08002e9d   Thumb Code    86  iic.o(i.IIC_Send_Byte)
    IIC_Start                                0x08002ef9   Thumb Code    60  iic.o(i.IIC_Start)
    IIC_Stop                                 0x08002f39   Thumb Code    42  iic.o(i.IIC_Stop)
    IIC_Wait_Ack                             0x08002f69   Thumb Code    66  iic.o(i.IIC_Wait_Ack)
    Limit                                    0x08002fb1   Thumb Code    42  motor.o(i.Limit)
    Load                                     0x08002fdd   Thumb Code   116  motor.o(i.Load)
    MPU6050_Task                             0x08003059   Thumb Code    98  mpu6050_task.o(i.MPU6050_Task)
    MPU_Get_Accelerometer                    0x080030c5   Thumb Code    50  mpu6050.o(i.MPU_Get_Accelerometer)
    MPU_Get_Gyroscope                        0x080030f7   Thumb Code    50  mpu6050.o(i.MPU_Get_Gyroscope)
    MPU_Init                                 0x08003129   Thumb Code   118  mpu6050.o(i.MPU_Init)
    MPU_Read_Byte                            0x0800319f   Thumb Code    58  mpu6050.o(i.MPU_Read_Byte)
    MPU_Read_Len                             0x080031d9   Thumb Code   108  mpu6050.o(i.MPU_Read_Len)
    MPU_Set_Accel_Fsr                        0x08003245   Thumb Code    10  mpu6050.o(i.MPU_Set_Accel_Fsr)
    MPU_Set_Gyro_Fsr                         0x0800324f   Thumb Code    10  mpu6050.o(i.MPU_Set_Gyro_Fsr)
    MPU_Set_LPF                              0x08003259   Thumb Code    48  mpu6050.o(i.MPU_Set_LPF)
    MPU_Set_Rate                             0x08003289   Thumb Code    46  mpu6050.o(i.MPU_Set_Rate)
    MPU_Write_Byte                           0x080032b7   Thumb Code    60  mpu6050.o(i.MPU_Write_Byte)
    MPU_Write_Len                            0x080032f3   Thumb Code    82  mpu6050.o(i.MPU_Write_Len)
    MX_FREERTOS_Init                         0x08003345   Thumb Code    18  freertos.o(i.MX_FREERTOS_Init)
    MX_GPIO_Init                             0x08003365   Thumb Code   226  gpio.o(i.MX_GPIO_Init)
    MX_I2C1_Init                             0x0800345d   Thumb Code    50  i2c.o(i.MX_I2C1_Init)
    MX_TIM1_Init                             0x0800349d   Thumb Code   172  tim.o(i.MX_TIM1_Init)
    MX_TIM2_Init                             0x08003551   Thumb Code   100  tim.o(i.MX_TIM2_Init)
    MX_TIM4_Init                             0x080035b9   Thumb Code    98  tim.o(i.MX_TIM4_Init)
    MX_USART3_UART_Init                      0x08003625   Thumb Code    48  usart.o(i.MX_USART3_UART_Init)
    MemManage_Handler                        0x0800365d   Thumb Code     2  stm32f1xx_it.o(i.MemManage_Handler)
    NMI_Handler                              0x0800365f   Thumb Code     2  stm32f1xx_it.o(i.NMI_Handler)
    OLED_Clear                               0x08003661   Thumb Code    52  oled.o(i.OLED_Clear)
    OLED_Init                                0x08003695   Thumb Code    16  oled.o(i.OLED_Init)
    OLED_Set_Pos                             0x080036a5   Thumb Code    34  oled.o(i.OLED_Set_Pos)
    OLED_ShowChar                            0x080036c9   Thumb Code   126  oled.o(i.OLED_ShowChar)
    OLED_ShowNum                             0x08003751   Thumb Code   106  oled.o(i.OLED_ShowNum)
    OLED_ShowString                          0x080037bb   Thumb Code    54  oled.o(i.OLED_ShowString)
    OLED_Task                                0x080037f1   Thumb Code   632  oled_task.o(i.OLED_Task)
    OLED_WR_CMD                              0x08003abd   Thumb Code    32  oled.o(i.OLED_WR_CMD)
    OLED_WR_DATA                             0x08003ae1   Thumb Code    32  oled.o(i.OLED_WR_DATA)
    Read_Speed                               0x08003b05   Thumb Code    12  encoder.o(i.Read_Speed)
    SR04_Init                                0x08003b11   Thumb Code    26  sr04.o(i.SR04_Init)
    SR04_Task                                0x08003b35   Thumb Code   122  sr04_task.o(i.SR04_Task)
    SR04_Trigger                             0x08003bd5   Thumb Code    34  sr04.o(i.SR04_Trigger)
    StartDefaultTask                         0x08003bfd   Thumb Code     8  freertos.o(i.StartDefaultTask)
    Stop                                     0x08003c05   Thumb Code    42  motor.o(i.Stop)
    SysTick_Handler                          0x08003c35   Thumb Code    38  port.o(i.SysTick_Handler)
    SystemClock_Config                       0x08003c61   Thumb Code    94  main.o(i.SystemClock_Config)
    SystemInit                               0x08003cbf   Thumb Code     2  system_stm32f1xx.o(i.SystemInit)
    TIM3_IRQHandler                          0x08003cc1   Thumb Code     6  stm32f1xx_it.o(i.TIM3_IRQHandler)
    TIM_Base_SetConfig                       0x08003ccd   Thumb Code    94  stm32f1xx_hal_tim.o(i.TIM_Base_SetConfig)
    TIM_CCxChannelCmd                        0x08003d39   Thumb Code    26  stm32f1xx_hal_tim.o(i.TIM_CCxChannelCmd)
    TIM_OC2_SetConfig                        0x08003da5   Thumb Code    84  stm32f1xx_hal_tim.o(i.TIM_OC2_SetConfig)
    Task_Init                                0x08003e99   Thumb Code   332  task_init.o(i.Task_Init)
    UART_Start_Receive_IT                    0x08004209   Thumb Code    54  stm32f1xx_hal_uart.o(i.UART_Start_Receive_IT)
    USART3_IRQHandler                        0x08004241   Thumb Code     6  stm32f1xx_it.o(i.USART3_IRQHandler)
    UsageFault_Handler                       0x0800424d   Thumb Code     2  stm32f1xx_it.o(i.UsageFault_Handler)
    Vertical                                 0x0800424f   Thumb Code    62  tools.o(i.Vertical)
    WriteCmd                                 0x0800428d   Thumb Code    42  oled.o(i.WriteCmd)
    __ARM_fpclassify                         0x080042c1   Thumb Code    40  fpclassify.o(i.__ARM_fpclassify)
    __kernel_poly                            0x08004309   Thumb Code   170  poly.o(i.__kernel_poly)
    __mathlib_dbl_infnan                     0x080043b3   Thumb Code     6  dunder.o(i.__mathlib_dbl_infnan)
    __mathlib_dbl_infnan2                    0x080043b9   Thumb Code     4  dunder.o(i.__mathlib_dbl_infnan2)
    __mathlib_dbl_invalid                    0x080043bd   Thumb Code    12  dunder.o(i.__mathlib_dbl_invalid)
    __mathlib_dbl_underflow                  0x080043c9   Thumb Code    10  dunder.o(i.__mathlib_dbl_underflow)
    _is_digit                                0x080043d9   Thumb Code    14  __printf_wp.o(i._is_digit)
    asin                                     0x08004469   Thumb Code   572  asin.o(i.asin)
    atan                                     0x080046d9   Thumb Code   474  atan.o(i.atan)
    atan2                                    0x080048f9   Thumb Code   374  atan2.o(i.atan2)
    dmp_enable_6x_lp_quat                    0x08004a95   Thumb Code    58  inv_mpu_dmp_motion_driver.o(i.dmp_enable_6x_lp_quat)
    dmp_enable_feature                       0x08004ad1   Thumb Code   464  inv_mpu_dmp_motion_driver.o(i.dmp_enable_feature)
    dmp_enable_gyro_cal                      0x08004ca9   Thumb Code    34  inv_mpu_dmp_motion_driver.o(i.dmp_enable_gyro_cal)
    dmp_enable_lp_quat                       0x08004ce5   Thumb Code    58  inv_mpu_dmp_motion_driver.o(i.dmp_enable_lp_quat)
    dmp_load_motion_driver_firmware          0x08004d21   Thumb Code    16  inv_mpu_dmp_motion_driver.o(i.dmp_load_motion_driver_firmware)
    dmp_read_fifo                            0x08004d35   Thumb Code   352  inv_mpu_dmp_motion_driver.o(i.dmp_read_fifo)
    dmp_set_accel_bias                       0x08004e99   Thumb Code   210  inv_mpu_dmp_motion_driver.o(i.dmp_set_accel_bias)
    dmp_set_fifo_rate                        0x08004f71   Thumb Code    82  inv_mpu_dmp_motion_driver.o(i.dmp_set_fifo_rate)
    dmp_set_gyro_bias                        0x08004fd5   Thumb Code   196  inv_mpu_dmp_motion_driver.o(i.dmp_set_gyro_bias)
    dmp_set_orientation                      0x080050a1   Thumb Code   246  inv_mpu_dmp_motion_driver.o(i.dmp_set_orientation)
    dmp_set_shake_reject_thresh              0x080051ad   Thumb Code    48  inv_mpu_dmp_motion_driver.o(i.dmp_set_shake_reject_thresh)
    dmp_set_shake_reject_time                0x080051dd   Thumb Code    32  inv_mpu_dmp_motion_driver.o(i.dmp_set_shake_reject_time)
    dmp_set_shake_reject_timeout             0x080051fd   Thumb Code    32  inv_mpu_dmp_motion_driver.o(i.dmp_set_shake_reject_timeout)
    dmp_set_tap_axes                         0x0800521d   Thumb Code    64  inv_mpu_dmp_motion_driver.o(i.dmp_set_tap_axes)
    dmp_set_tap_count                        0x0800525d   Thumb Code    34  inv_mpu_dmp_motion_driver.o(i.dmp_set_tap_count)
    dmp_set_tap_thresh                       0x08005281   Thumb Code   274  inv_mpu_dmp_motion_driver.o(i.dmp_set_tap_thresh)
    dmp_set_tap_time                         0x080053a9   Thumb Code    32  inv_mpu_dmp_motion_driver.o(i.dmp_set_tap_time)
    dmp_set_tap_time_multi                   0x080053c9   Thumb Code    32  inv_mpu_dmp_motion_driver.o(i.dmp_set_tap_time_multi)
    inv_orientation_matrix_to_scalar         0x0800587d   Thumb Code    34  inv_mpu.o(i.inv_orientation_matrix_to_scalar)
    inv_row_2_scale                          0x0800589f   Thumb Code    72  inv_mpu.o(i.inv_row_2_scale)
    main                                     0x080058e7   Thumb Code    54  main.o(i.main)
    mget_ms                                  0x0800591d   Thumb Code     2  inv_mpu.o(i.mget_ms)
    mpu_configure_fifo                       0x08005921   Thumb Code    78  inv_mpu.o(i.mpu_configure_fifo)
    mpu_dmp_get_data                         0x08005975   Thumb Code   408  inv_mpu.o(i.mpu_dmp_get_data)
    mpu_dmp_init                             0x08005b11   Thumb Code   152  inv_mpu.o(i.mpu_dmp_init)
    mpu_get_accel_fsr                        0x08005bad   Thumb Code    54  inv_mpu.o(i.mpu_get_accel_fsr)
    mpu_get_accel_sens                       0x08005be9   Thumb Code    62  inv_mpu.o(i.mpu_get_accel_sens)
    mpu_get_gyro_fsr                         0x08005c2d   Thumb Code    48  inv_mpu.o(i.mpu_get_gyro_fsr)
    mpu_get_gyro_sens                        0x08005c61   Thumb Code    44  inv_mpu.o(i.mpu_get_gyro_sens)
    mpu_get_lpf                              0x08005ca1   Thumb Code    52  inv_mpu.o(i.mpu_get_lpf)
    mpu_get_sample_rate                      0x08005cd9   Thumb Code    22  inv_mpu.o(i.mpu_get_sample_rate)
    mpu_init                                 0x08005cf5   Thumb Code   288  inv_mpu.o(i.mpu_init)
    mpu_load_firmware                        0x08005e19   Thumb Code   154  inv_mpu.o(i.mpu_load_firmware)
    mpu_lp_accel_mode                        0x08005eb9   Thumb Code   178  inv_mpu.o(i.mpu_lp_accel_mode)
    mpu_read_fifo_stream                     0x08005f71   Thumb Code   140  inv_mpu.o(i.mpu_read_fifo_stream)
    mpu_read_mem                             0x08006001   Thumb Code    80  inv_mpu.o(i.mpu_read_mem)
    mpu_reset_fifo                           0x08006055   Thumb Code   346  inv_mpu.o(i.mpu_reset_fifo)
    mpu_run_self_test                        0x080061b5   Thumb Code   234  inv_mpu.o(i.mpu_run_self_test)
    mpu_set_accel_fsr                        0x080062a5   Thumb Code    98  inv_mpu.o(i.mpu_set_accel_fsr)
    mpu_set_bypass                           0x0800630d   Thumb Code   214  inv_mpu.o(i.mpu_set_bypass)
    mpu_set_dmp_state                        0x080063e9   Thumb Code   114  inv_mpu.o(i.mpu_set_dmp_state)
    mpu_set_gyro_fsr                         0x08006461   Thumb Code   104  inv_mpu.o(i.mpu_set_gyro_fsr)
    mpu_set_int_latched                      0x080064cd   Thumb Code    94  inv_mpu.o(i.mpu_set_int_latched)
    mpu_set_lpf                              0x08006531   Thumb Code   102  inv_mpu.o(i.mpu_set_lpf)
    mpu_set_sample_rate                      0x0800659d   Thumb Code   124  inv_mpu.o(i.mpu_set_sample_rate)
    mpu_set_sensors                          0x0800661d   Thumb Code   178  inv_mpu.o(i.mpu_set_sensors)
    mpu_write_mem                            0x080066d5   Thumb Code    80  inv_mpu.o(i.mpu_write_mem)
    oled_pow                                 0x08006729   Thumb Code    16  oled.o(i.oled_pow)
    osDelay                                  0x08006739   Thumb Code    46  cmsis_os2.o(i.osDelay)
    osKernelInitialize                       0x0800676d   Thumb Code    50  cmsis_os2.o(i.osKernelInitialize)
    osKernelStart                            0x080067a5   Thumb Code    58  cmsis_os2.o(i.osKernelStart)
    osThreadNew                              0x080067e5   Thumb Code   160  cmsis_os2.o(i.osThreadNew)
    pvPortMalloc                             0x08006fe1   Thumb Code   210  heap_4.o(i.pvPortMalloc)
    pvTaskIncrementMutexHeldCount            0x080070b9   Thumb Code    18  tasks.o(i.pvTaskIncrementMutexHeldCount)
    pxPortInitialiseStack                    0x080070d1   Thumb Code    32  port.o(i.pxPortInitialiseStack)
    run_self_test                            0x080070f5   Thumb Code   128  inv_mpu.o(i.run_self_test)
    sqrt                                     0x080071cd   Thumb Code    76  sqrt.o(i.sqrt)
    ulTaskNotifyTake                         0x08007219   Thumb Code    96  tasks.o(i.ulTaskNotifyTake)
    uxListRemove                             0x08007281   Thumb Code    38  list.o(i.uxListRemove)
    vApplicationGetIdleTaskMemory            0x080072a9   Thumb Code    16  cmsis_os2.o(i.vApplicationGetIdleTaskMemory)
    vApplicationGetTimerTaskMemory           0x080072bd   Thumb Code    18  cmsis_os2.o(i.vApplicationGetTimerTaskMemory)
    vListInitialise                          0x080072d5   Thumb Code    22  list.o(i.vListInitialise)
    vListInitialiseItem                      0x080072eb   Thumb Code     6  list.o(i.vListInitialiseItem)
    vListInsert                              0x080072f1   Thumb Code    48  list.o(i.vListInsert)
    vListInsertEnd                           0x08007321   Thumb Code    24  list.o(i.vListInsertEnd)
    vPortEnterCritical                       0x08007339   Thumb Code    54  port.o(i.vPortEnterCritical)
    vPortExitCritical                        0x08007379   Thumb Code    34  port.o(i.vPortExitCritical)
    vPortFree                                0x080073a1   Thumb Code    88  heap_4.o(i.vPortFree)
    vPortSetupTimerInterrupt                 0x080073fd   Thumb Code    32  port.o(i.vPortSetupTimerInterrupt)
    vPortValidateInterruptPriority           0x08007421   Thumb Code    74  port.o(i.vPortValidateInterruptPriority)
    vQueueAddToRegistry                      0x08007475   Thumb Code    34  queue.o(i.vQueueAddToRegistry)
    vQueueWaitForMessageRestricted           0x0800749d   Thumb Code    68  queue.o(i.vQueueWaitForMessageRestricted)
    vTaskDelay                               0x080074e1   Thumb Code    66  tasks.o(i.vTaskDelay)
    vTaskDelayUntil                          0x0800752d   Thumb Code   132  tasks.o(i.vTaskDelayUntil)
    vTaskInternalSetTimeOutState             0x080075b9   Thumb Code    12  tasks.o(i.vTaskInternalSetTimeOutState)
    vTaskMissedYield                         0x080075c9   Thumb Code     8  tasks.o(i.vTaskMissedYield)
    vTaskNotifyGiveFromISR                   0x080075d5   Thumb Code   164  tasks.o(i.vTaskNotifyGiveFromISR)
    vTaskPlaceOnEventList                    0x08007685   Thumb Code    44  tasks.o(i.vTaskPlaceOnEventList)
    vTaskPlaceOnEventListRestricted          0x080076b5   Thumb Code    52  tasks.o(i.vTaskPlaceOnEventListRestricted)
    vTaskPriorityDisinheritAfterTimeout      0x080076ed   Thumb Code   134  tasks.o(i.vTaskPriorityDisinheritAfterTimeout)
    vTaskStartScheduler                      0x0800777d   Thumb Code   118  tasks.o(i.vTaskStartScheduler)
    vTaskSuspendAll                          0x08007805   Thumb Code    10  tasks.o(i.vTaskSuspendAll)
    vTaskSwitchContext                       0x08007815   Thumb Code    90  tasks.o(i.vTaskSwitchContext)
    xPortStartScheduler                      0x08007879   Thumb Code   154  port.o(i.xPortStartScheduler)
    xQueueCreateMutex                        0x08007921   Thumb Code    22  queue.o(i.xQueueCreateMutex)
    xQueueGenericCreate                      0x08007937   Thumb Code    72  queue.o(i.xQueueGenericCreate)
    xQueueGenericCreateStatic                0x0800797f   Thumb Code   102  queue.o(i.xQueueGenericCreateStatic)
    xQueueGenericReset                       0x080079e5   Thumb Code   132  queue.o(i.xQueueGenericReset)
    xQueueGenericSend                        0x08007a6d   Thumb Code   346  queue.o(i.xQueueGenericSend)
    xQueueGenericSendFromISR                 0x08007bcd   Thumb Code   188  queue.o(i.xQueueGenericSendFromISR)
    xQueueReceive                            0x08007c89   Thumb Code   308  queue.o(i.xQueueReceive)
    xQueueSemaphoreTake                      0x08007dc1   Thumb Code   372  queue.o(i.xQueueSemaphoreTake)
    xTaskCheckForTimeOut                     0x08007f39   Thumb Code   112  tasks.o(i.xTaskCheckForTimeOut)
    xTaskCreate                              0x08007fad   Thumb Code    90  tasks.o(i.xTaskCreate)
    xTaskCreateStatic                        0x08008007   Thumb Code    86  tasks.o(i.xTaskCreateStatic)
    xTaskGetCurrentTaskHandle                0x0800805d   Thumb Code     6  tasks.o(i.xTaskGetCurrentTaskHandle)
    xTaskGetSchedulerState                   0x08008069   Thumb Code    22  tasks.o(i.xTaskGetSchedulerState)
    xTaskGetTickCount                        0x08008085   Thumb Code     6  tasks.o(i.xTaskGetTickCount)
    xTaskIncrementTick                       0x08008091   Thumb Code   190  tasks.o(i.xTaskIncrementTick)
    xTaskPriorityDisinherit                  0x08008159   Thumb Code   118  tasks.o(i.xTaskPriorityDisinherit)
    xTaskPriorityInherit                     0x080081d9   Thumb Code   112  tasks.o(i.xTaskPriorityInherit)
    xTaskRemoveFromEventList                 0x08008251   Thumb Code    98  tasks.o(i.xTaskRemoveFromEventList)
    xTaskResumeAll                           0x080082c1   Thumb Code   182  tasks.o(i.xTaskResumeAll)
    xTimerCreateTimerTask                    0x08008385   Thumb Code    78  timers.o(i.xTimerCreateTimerTask)
    xTimerGenericCommand                     0x080083e5   Thumb Code    98  timers.o(i.xTimerGenericCommand)
    __aeabi_d2f                              0x0800844d   Thumb Code     0  d2f.o(x$fpl$d2f)
    _d2f                                     0x0800844d   Thumb Code    98  d2f.o(x$fpl$d2f)
    __aeabi_dadd                             0x080084b1   Thumb Code     0  daddsub_clz.o(x$fpl$dadd)
    _dadd                                    0x080084b1   Thumb Code   332  daddsub_clz.o(x$fpl$dadd)
    __fpl_dcheck_NaN1                        0x08008601   Thumb Code    10  dcheck1.o(x$fpl$dcheck1)
    __fpl_dcmp_Inf                           0x08008611   Thumb Code    24  dcmpi.o(x$fpl$dcmpinf)
    __aeabi_ddiv                             0x08008629   Thumb Code     0  ddiv.o(x$fpl$ddiv)
    _ddiv                                    0x08008629   Thumb Code   552  ddiv.o(x$fpl$ddiv)
    __aeabi_cdcmpeq                          0x080088d9   Thumb Code     0  deqf.o(x$fpl$deqf)
    _dcmpeq                                  0x080088d9   Thumb Code   120  deqf.o(x$fpl$deqf)
    __aeabi_d2iz                             0x08008951   Thumb Code     0  dfix.o(x$fpl$dfix)
    _dfix                                    0x08008951   Thumb Code    94  dfix.o(x$fpl$dfix)
    __aeabi_dmul                             0x080089b1   Thumb Code     0  dmul.o(x$fpl$dmul)
    _dmul                                    0x080089b1   Thumb Code   332  dmul.o(x$fpl$dmul)
    __fpl_dnaninf                            0x08008b05   Thumb Code   156  dnaninf.o(x$fpl$dnaninf)
    __fpl_dretinf                            0x08008ba1   Thumb Code    12  dretinf.o(x$fpl$dretinf)
    __aeabi_drsub                            0x08008bad   Thumb Code     0  daddsub_clz.o(x$fpl$drsb)
    _drsb                                    0x08008bad   Thumb Code    22  daddsub_clz.o(x$fpl$drsb)
    _dsqrt                                   0x08008bc5   Thumb Code   456  dsqrt_noumaal.o(x$fpl$dsqrt)
    __aeabi_dsub                             0x08008d91   Thumb Code     0  daddsub_clz.o(x$fpl$dsub)
    _dsub                                    0x08008d91   Thumb Code   464  daddsub_clz.o(x$fpl$dsub)
    __aeabi_f2d                              0x08008f65   Thumb Code     0  f2d.o(x$fpl$f2d)
    _f2d                                     0x08008f65   Thumb Code    86  f2d.o(x$fpl$f2d)
    __aeabi_fadd                             0x08008fbd   Thumb Code     0  faddsub_clz.o(x$fpl$fadd)
    _fadd                                    0x08008fbd   Thumb Code   196  faddsub_clz.o(x$fpl$fadd)
    __fpl_fcheck_NaN1                        0x08009081   Thumb Code     6  fcheck1.o(x$fpl$fcheck1)
    __aeabi_fdiv                             0x0800908d   Thumb Code     0  fdiv.o(x$fpl$fdiv)
    _fdiv                                    0x0800908d   Thumb Code   384  fdiv.o(x$fpl$fdiv)
    __aeabi_f2iz                             0x08009211   Thumb Code     0  ffix.o(x$fpl$ffix)
    _ffix                                    0x08009211   Thumb Code    54  ffix.o(x$fpl$ffix)
    __aeabi_f2uiz                            0x08009249   Thumb Code     0  ffixu.o(x$fpl$ffixu)
    _ffixu                                   0x08009249   Thumb Code    62  ffixu.o(x$fpl$ffixu)
    __aeabi_i2f                              0x08009289   Thumb Code     0  fflt_clz.o(x$fpl$fflt)
    _fflt                                    0x08009289   Thumb Code    48  fflt_clz.o(x$fpl$fflt)
    __aeabi_ui2f                             0x080092b9   Thumb Code     0  fflt_clz.o(x$fpl$ffltu)
    _ffltu                                   0x080092b9   Thumb Code    38  fflt_clz.o(x$fpl$ffltu)
    __aeabi_fmul                             0x080092e1   Thumb Code     0  fmul.o(x$fpl$fmul)
    _fmul                                    0x080092e1   Thumb Code   258  fmul.o(x$fpl$fmul)
    __fpl_fnaninf                            0x080093e3   Thumb Code   140  fnaninf.o(x$fpl$fnaninf)
    __fpl_fretinf                            0x0800946f   Thumb Code    10  fretinf.o(x$fpl$fretinf)
    __aeabi_fsub                             0x08009479   Thumb Code     0  faddsub_clz.o(x$fpl$fsub)
    _fsub                                    0x08009479   Thumb Code   234  faddsub_clz.o(x$fpl$fsub)
    __fpl_return_NaN                         0x08009563   Thumb Code   100  retnan.o(x$fpl$retnan)
    __ARM_scalbn                             0x080095c7   Thumb Code    92  scalbn.o(x$fpl$scalbn)
    __ARM_scalbnf                            0x08009623   Thumb Code    76  scalbnf.o(x$fpl$scalbnf)
    __fpl_cmpreturn                          0x0800966f   Thumb Code    48  trapv.o(x$fpl$trapveneer)
    __I$use$fp                               0x0800969e   Number         0  usenofp.o(x$fpl$usenofp)
    defaultTask_attributes                   0x080096a0   Data          36  freertos.o(.constdata)
    AHBPrescTable                            0x080096d6   Data          16  system_stm32f1xx.o(.constdata)
    APBPrescTable                            0x080096e6   Data           8  system_stm32f1xx.o(.constdata)
    reg                                      0x080096f4   Data          27  inv_mpu.o(.constdata)
    hw                                       0x08009710   Data          12  inv_mpu.o(.constdata)
    test                                     0x0800971c   Data          40  inv_mpu.o(.constdata)
    F6x8                                     0x0800a33a   Data         552  oled.o(.constdata)
    F8X16                                    0x0800a562   Data        1504  oled.o(.constdata)
    Hzk                                      0x0800ab42   Data         448  oled.o(.constdata)
    __mathlib_zero                           0x0800ae28   Data           8  qnan.o(.constdata)
    Region$$Table$$Base                      0x0800ae3c   Number         0  anon$$obj.o(Region$$Table)
    Region$$Table$$Limit                     0x0800ae5c   Number         0  anon$$obj.o(Region$$Table)
    defaultTaskHandle                        0x20000000   Data           4  freertos.o(.data)
    uwTickFreq                               0x20000004   Data           1  stm32f1xx_hal.o(.data)
    uwTickPrio                               0x20000008   Data           4  stm32f1xx_hal.o(.data)
    uwTick                                   0x2000000c   Data           4  stm32f1xx_hal.o(.data)
    SystemCoreClock                          0x20000010   Data           4  system_stm32f1xx.o(.data)
    pxCurrentTCB                             0x20000014   Data           4  tasks.o(.data)
    xLastWakeTime                            0x200000a8   Data           4  control_task.o(.data)
    g_i2c1_mutex                             0x200000b4   Data           4  task_init.o(.data)
    xImuQueueHandle                          0x200000b8   Data           4  task_init.o(.data)
    xEncoderQueueHandle                      0x200000bc   Data           4  task_init.o(.data)
    xRemoteQueueHandle                       0x200000c0   Data           4  task_init.o(.data)
    xStatusQueueHandle                       0x200000c4   Data           4  task_init.o(.data)
    xSr04QueueHandle                         0x200000c8   Data           4  task_init.o(.data)
    OLEDHandle                               0x200000cc   Data           4  task_init.o(.data)
    MPU6050Handle                            0x200000d0   Data           4  task_init.o(.data)
    EncoderHandle                            0x200000d4   Data           4  task_init.o(.data)
    ControlHandle                            0x200000d8   Data           4  task_init.o(.data)
    BluetoothHandle                          0x200000dc   Data           4  task_init.o(.data)
    SR04Handle                               0x200000e0   Data           4  task_init.o(.data)
    AT24C64Handle                            0x200000e4   Data           4  task_init.o(.data)
    xBluetoothTaskHandle                     0x200000e8   Data           4  bluetooth_task.o(.data)
    rx_buf                                   0x200000ec   Data           1  callbacks.o(.data)
    Bluetooth_data                           0x200000ed   Data           1  callbacks.o(.data)
    g_eeprom_counter                         0x200000ee   Data           1  at24c64_task.o(.data)
    g_at_counter                             0x200000ef   Data           1  at24c64_task.o(.data)
    stop                                     0x20000125   Data           1  motor.o(.data)
    CMD_Data                                 0x20000126   Data          27  oled.o(.data)
    flag_data_ready                          0x20000144   Data           1  sr04.o(.data)
    uwTickStart                              0x20000148   Data           4  sr04.o(.data)
    uwTickEnd                                0x2000014c   Data           4  sr04.o(.data)
    hi2c1                                    0x20000150   Data          84  i2c.o(.bss)
    htim1                                    0x200001a4   Data          72  tim.o(.bss)
    htim2                                    0x200001ec   Data          72  tim.o(.bss)
    htim4                                    0x20000234   Data          72  tim.o(.bss)
    huart3                                   0x2000027c   Data          72  usart.o(.bss)
    htim3                                    0x200002c4   Data          72  stm32f1xx_hal_timebase_tim.o(.bss)
    xQueueRegistry                           0x2000030c   Data          64  queue.o(.bss)
    __libspace_start                         0x200037c0   Data          96  libspace.o(.bss)
    __temporary_stack_top$libspace           0x20003820   Data           0  libspace.o(.bss)



==============================================================================

Memory Map of the image

  Image Entry point : 0x080000ed

  Load Region LR_IROM1 (Base: 0x08000000, Size: 0x0000afac, Max: 0x00010000, ABSOLUTE, COMPRESSED[0x0000aea0])

    Execution Region ER_IROM1 (Exec base: 0x08000000, Load base: 0x08000000, Size: 0x0000ae5c, Max: 0x00010000, ABSOLUTE)

    Exec Addr    Load Addr    Size         Type   Attr      Idx    E Section Name        Object

    0x08000000   0x08000000   0x000000ec   Data   RO            3    RESET               startup_stm32f103xb.o
    0x080000ec   0x080000ec   0x00000008   Code   RO         6451  * !!!main             c_w.l(__main.o)
    0x080000f4   0x080000f4   0x00000034   Code   RO         6782    !!!scatter          c_w.l(__scatter.o)
    0x08000128   0x08000128   0x0000005a   Code   RO         6780    !!dczerorl2         c_w.l(__dczerorl2.o)
    0x08000182   0x08000182   0x00000002   PAD
    0x08000184   0x08000184   0x0000001c   Code   RO         6784    !!handler_zi        c_w.l(__scatter_zi.o)
    0x080001a0   0x080001a0   0x00000000   Code   RO         6438    .ARM.Collect$$_printf_percent$$00000000  c_w.l(_printf_percent.o)
    0x080001a0   0x080001a0   0x00000006   Code   RO         6437    .ARM.Collect$$_printf_percent$$0000000C  c_w.l(_printf_x.o)
    0x080001a6   0x080001a6   0x00000004   Code   RO         6538    .ARM.Collect$$_printf_percent$$00000017  c_w.l(_printf_percent_end.o)
    0x080001aa   0x080001aa   0x00000002   Code   RO         6645    .ARM.Collect$$libinit$$00000000  c_w.l(libinit.o)
    0x080001ac   0x080001ac   0x00000000   Code   RO         6655    .ARM.Collect$$libinit$$00000002  c_w.l(libinit2.o)
    0x080001ac   0x080001ac   0x00000000   Code   RO         6657    .ARM.Collect$$libinit$$00000004  c_w.l(libinit2.o)
    0x080001ac   0x080001ac   0x00000000   Code   RO         6660    .ARM.Collect$$libinit$$0000000A  c_w.l(libinit2.o)
    0x080001ac   0x080001ac   0x00000000   Code   RO         6662    .ARM.Collect$$libinit$$0000000C  c_w.l(libinit2.o)
    0x080001ac   0x080001ac   0x00000000   Code   RO         6664    .ARM.Collect$$libinit$$0000000E  c_w.l(libinit2.o)
    0x080001ac   0x080001ac   0x00000000   Code   RO         6667    .ARM.Collect$$libinit$$00000011  c_w.l(libinit2.o)
    0x080001ac   0x080001ac   0x00000000   Code   RO         6669    .ARM.Collect$$libinit$$00000013  c_w.l(libinit2.o)
    0x080001ac   0x080001ac   0x00000000   Code   RO         6671    .ARM.Collect$$libinit$$00000015  c_w.l(libinit2.o)
    0x080001ac   0x080001ac   0x00000000   Code   RO         6673    .ARM.Collect$$libinit$$00000017  c_w.l(libinit2.o)
    0x080001ac   0x080001ac   0x00000000   Code   RO         6675    .ARM.Collect$$libinit$$00000019  c_w.l(libinit2.o)
    0x080001ac   0x080001ac   0x00000000   Code   RO         6677    .ARM.Collect$$libinit$$0000001B  c_w.l(libinit2.o)
    0x080001ac   0x080001ac   0x00000000   Code   RO         6679    .ARM.Collect$$libinit$$0000001D  c_w.l(libinit2.o)
    0x080001ac   0x080001ac   0x00000000   Code   RO         6681    .ARM.Collect$$libinit$$0000001F  c_w.l(libinit2.o)
    0x080001ac   0x080001ac   0x00000000   Code   RO         6683    .ARM.Collect$$libinit$$00000021  c_w.l(libinit2.o)
    0x080001ac   0x080001ac   0x00000000   Code   RO         6685    .ARM.Collect$$libinit$$00000023  c_w.l(libinit2.o)
    0x080001ac   0x080001ac   0x00000000   Code   RO         6687    .ARM.Collect$$libinit$$00000025  c_w.l(libinit2.o)
    0x080001ac   0x080001ac   0x00000000   Code   RO         6691    .ARM.Collect$$libinit$$0000002C  c_w.l(libinit2.o)
    0x080001ac   0x080001ac   0x00000000   Code   RO         6693    .ARM.Collect$$libinit$$0000002E  c_w.l(libinit2.o)
    0x080001ac   0x080001ac   0x00000000   Code   RO         6695    .ARM.Collect$$libinit$$00000030  c_w.l(libinit2.o)
    0x080001ac   0x080001ac   0x00000000   Code   RO         6697    .ARM.Collect$$libinit$$00000032  c_w.l(libinit2.o)
    0x080001ac   0x080001ac   0x00000002   Code   RO         6698    .ARM.Collect$$libinit$$00000033  c_w.l(libinit2.o)
    0x080001ae   0x080001ae   0x00000002   Code   RO         6728    .ARM.Collect$$libshutdown$$00000000  c_w.l(libshutdown.o)
    0x080001b0   0x080001b0   0x00000000   Code   RO         6745    .ARM.Collect$$libshutdown$$00000002  c_w.l(libshutdown2.o)
    0x080001b0   0x080001b0   0x00000000   Code   RO         6747    .ARM.Collect$$libshutdown$$00000004  c_w.l(libshutdown2.o)
    0x080001b0   0x080001b0   0x00000000   Code   RO         6749    .ARM.Collect$$libshutdown$$00000006  c_w.l(libshutdown2.o)
    0x080001b0   0x080001b0   0x00000000   Code   RO         6752    .ARM.Collect$$libshutdown$$00000009  c_w.l(libshutdown2.o)
    0x080001b0   0x080001b0   0x00000000   Code   RO         6755    .ARM.Collect$$libshutdown$$0000000C  c_w.l(libshutdown2.o)
    0x080001b0   0x080001b0   0x00000000   Code   RO         6757    .ARM.Collect$$libshutdown$$0000000E  c_w.l(libshutdown2.o)
    0x080001b0   0x080001b0   0x00000000   Code   RO         6760    .ARM.Collect$$libshutdown$$00000011  c_w.l(libshutdown2.o)
    0x080001b0   0x080001b0   0x00000002   Code   RO         6761    .ARM.Collect$$libshutdown$$00000012  c_w.l(libshutdown2.o)
    0x080001b2   0x080001b2   0x00000000   Code   RO         6525    .ARM.Collect$$rtentry$$00000000  c_w.l(__rtentry.o)
    0x080001b2   0x080001b2   0x00000000   Code   RO         6596    .ARM.Collect$$rtentry$$00000002  c_w.l(__rtentry2.o)
    0x080001b2   0x080001b2   0x00000006   Code   RO         6608    .ARM.Collect$$rtentry$$00000004  c_w.l(__rtentry4.o)
    0x080001b8   0x080001b8   0x00000000   Code   RO         6598    .ARM.Collect$$rtentry$$00000009  c_w.l(__rtentry2.o)
    0x080001b8   0x080001b8   0x00000004   Code   RO         6599    .ARM.Collect$$rtentry$$0000000A  c_w.l(__rtentry2.o)
    0x080001bc   0x080001bc   0x00000000   Code   RO         6601    .ARM.Collect$$rtentry$$0000000C  c_w.l(__rtentry2.o)
    0x080001bc   0x080001bc   0x00000008   Code   RO         6602    .ARM.Collect$$rtentry$$0000000D  c_w.l(__rtentry2.o)
    0x080001c4   0x080001c4   0x00000002   Code   RO         6648    .ARM.Collect$$rtexit$$00000000  c_w.l(rtexit.o)
    0x080001c6   0x080001c6   0x00000000   Code   RO         6700    .ARM.Collect$$rtexit$$00000002  c_w.l(rtexit2.o)
    0x080001c6   0x080001c6   0x00000004   Code   RO         6701    .ARM.Collect$$rtexit$$00000003  c_w.l(rtexit2.o)
    0x080001ca   0x080001ca   0x00000006   Code   RO         6702    .ARM.Collect$$rtexit$$00000004  c_w.l(rtexit2.o)
    0x080001d0   0x080001d0   0x00000096   Code   RO         4965    .emb_text           port.o
    0x08000266   0x08000266   0x00000002   PAD
    0x08000268   0x08000268   0x00000040   Code   RO            4    .text               startup_stm32f103xb.o
    0x080002a8   0x080002a8   0x00000048   Code   RO         6386    .text               c_w.l(llsdiv.o)
    0x080002f0   0x080002f0   0x00000034   Code   RO         6390    .text               c_w.l(noretval__2snprintf.o)
    0x08000324   0x08000324   0x0000004e   Code   RO         6394    .text               c_w.l(_printf_pad.o)
    0x08000372   0x08000372   0x00000002   PAD
    0x08000374   0x08000374   0x00000058   Code   RO         6399    .text               c_w.l(_printf_hex_int.o)
    0x080003cc   0x080003cc   0x00000138   Code   RO         6429    .text               c_w.l(__printf_flags_wp.o)
    0x08000504   0x08000504   0x00000058   Code   RO         6439    .text               c_w.l(memcmp.o)
    0x0800055c   0x0800055c   0x0000008a   Code   RO         6441    .text               c_w.l(rt_memcpy_v6.o)
    0x080005e6   0x080005e6   0x00000010   Code   RO         6445    .text               c_w.l(aeabi_memset.o)
    0x080005f6   0x080005f6   0x0000004e   Code   RO         6447    .text               c_w.l(rt_memclr_w.o)
    0x08000644   0x08000644   0x00000006   Code   RO         6449    .text               c_w.l(heapauxi.o)
    0x0800064a   0x0800064a   0x000000ee   Code   RO         6526    .text               c_w.l(lludivv7m.o)
    0x08000738   0x08000738   0x00000016   Code   RO         6528    .text               c_w.l(_rserrno.o)
    0x0800074e   0x0800074e   0x000000b2   Code   RO         6530    .text               c_w.l(_printf_intcommon.o)
    0x08000800   0x08000800   0x00000030   Code   RO         6532    .text               c_w.l(_printf_char_common.o)
    0x08000830   0x08000830   0x0000000a   Code   RO         6534    .text               c_w.l(_sputc.o)
    0x0800083a   0x0800083a   0x00000010   Code   RO         6536    .text               c_w.l(_snputc.o)
    0x0800084a   0x0800084a   0x00000064   Code   RO         6539    .text               c_w.l(rt_memcpy_w.o)
    0x080008ae   0x080008ae   0x00000044   Code   RO         6541    .text               c_w.l(rt_memclr.o)
    0x080008f2   0x080008f2   0x00000002   PAD
    0x080008f4   0x080008f4   0x00000008   Code   RO         6617    .text               c_w.l(rt_errno_addr_intlibspace.o)
    0x080008fc   0x080008fc   0x00000008   Code   RO         6631    .text               c_w.l(libspace.o)
    0x08000904   0x08000904   0x0000004a   Code   RO         6634    .text               c_w.l(sys_stackheap_outer.o)
    0x0800094e   0x0800094e   0x00000012   Code   RO         6638    .text               c_w.l(exit.o)
    0x08000960   0x08000960   0x0000000c   Code   RO         6716    .text               c_w.l(sys_exit.o)
    0x0800096c   0x0800096c   0x00000002   Code   RO         6733    .text               c_w.l(use_no_semi.o)
    0x0800096e   0x0800096e   0x00000000   Code   RO         6735    .text               c_w.l(indicate_semi.o)
    0x0800096e   0x0800096e   0x00000002   PAD
    0x08000970   0x08000970   0x00000020   Code   RO         6351    i.AT24C64_ReadByte  at24c64.o
    0x08000990   0x08000990   0x00000090   Code   RO         5372    i.AT24C64_Task      at24c64_task.o
    0x08000a20   0x08000a20   0x00000024   Code   RO         6352    i.AT24C64_WriteByte  at24c64.o
    0x08000a44   0x08000a44   0x0000009c   Code   RO         5272    i.Bluetooth_Task    bluetooth_task.o
    0x08000ae0   0x08000ae0   0x00000002   Code   RO          456    i.BusFault_Handler  stm32f1xx_it.o
    0x08000ae2   0x08000ae2   0x00000002   PAD
    0x08000ae4   0x08000ae4   0x00000058   Code   RO         5152    i.Control_Init_Parameters  control_task.o
    0x08000b3c   0x08000b3c   0x000001ac   Code   RO         5153    i.Control_Task      control_task.o
    0x08000ce8   0x08000ce8   0x00000028   Code   RO         6303    i.DWT_Delay_us      sr04.o
    0x08000d10   0x08000d10   0x00000002   Code   RO          457    i.DebugMon_Handler  stm32f1xx_it.o
    0x08000d12   0x08000d12   0x00000006   Code   RO          458    i.EXTI2_IRQHandler  stm32f1xx_it.o
    0x08000d18   0x08000d18   0x00000006   Code   RO          459    i.EXTI9_5_IRQHandler  stm32f1xx_it.o
    0x08000d1e   0x08000d1e   0x00000002   PAD
    0x08000d20   0x08000d20   0x00000058   Code   RO         5116    i.Encoder_Task      encoder_task.o
    0x08000d78   0x08000d78   0x00000004   Code   RO           13    i.Error_Handler     main.o
    0x08000d7c   0x08000d7c   0x00000046   Code   RO         1022    i.HAL_DMA_Abort     stm32f1xx_hal_dma.o
    0x08000dc2   0x08000dc2   0x00000002   PAD
    0x08000dc4   0x08000dc4   0x00000098   Code   RO         1023    i.HAL_DMA_Abort_IT  stm32f1xx_hal_dma.o
    0x08000e5c   0x08000e5c   0x00000024   Code   RO          648    i.HAL_Delay         stm32f1xx_hal.o
    0x08000e80   0x08000e80   0x00000060   Code   RO         6304    i.HAL_GPIO_EXTI_Callback  sr04.o
    0x08000ee0   0x08000ee0   0x00000018   Code   RO          957    i.HAL_GPIO_EXTI_IRQHandler  stm32f1xx_hal_gpio.o
    0x08000ef8   0x08000ef8   0x000001e0   Code   RO          958    i.HAL_GPIO_Init     stm32f1xx_hal_gpio.o
    0x080010d8   0x080010d8   0x0000000a   Code   RO          960    i.HAL_GPIO_ReadPin  stm32f1xx_hal_gpio.o
    0x080010e2   0x080010e2   0x0000000a   Code   RO          962    i.HAL_GPIO_WritePin  stm32f1xx_hal_gpio.o
    0x080010ec   0x080010ec   0x0000000c   Code   RO          652    i.HAL_GetTick       stm32f1xx_hal.o
    0x080010f8   0x080010f8   0x00000188   Code   RO         1629    i.HAL_I2C_Init      stm32f1xx_hal_i2c.o
    0x08001280   0x08001280   0x0000016c   Code   RO         1630    i.HAL_I2C_IsDeviceReady  stm32f1xx_hal_i2c.o
    0x080013ec   0x080013ec   0x00000250   Code   RO         1647    i.HAL_I2C_Mem_Read  stm32f1xx_hal_i2c.o
    0x0800163c   0x0800163c   0x00000130   Code   RO         1650    i.HAL_I2C_Mem_Write  stm32f1xx_hal_i2c.o
    0x0800176c   0x0800176c   0x00000070   Code   RO          301    i.HAL_I2C_MspInit   i2c.o
    0x080017dc   0x080017dc   0x00000010   Code   RO          658    i.HAL_IncTick       stm32f1xx_hal.o
    0x080017ec   0x080017ec   0x00000024   Code   RO          659    i.HAL_Init          stm32f1xx_hal.o
    0x08001810   0x08001810   0x00000098   Code   RO          566    i.HAL_InitTick      stm32f1xx_hal_timebase_tim.o
    0x080018a8   0x080018a8   0x00000048   Code   RO          542    i.HAL_MspInit       stm32f1xx_hal_msp.o
    0x080018f0   0x080018f0   0x0000001a   Code   RO         1118    i.HAL_NVIC_EnableIRQ  stm32f1xx_hal_cortex.o
    0x0800190a   0x0800190a   0x00000002   PAD
    0x0800190c   0x0800190c   0x00000040   Code   RO         1124    i.HAL_NVIC_SetPriority  stm32f1xx_hal_cortex.o
    0x0800194c   0x0800194c   0x00000024   Code   RO         1125    i.HAL_NVIC_SetPriorityGrouping  stm32f1xx_hal_cortex.o
    0x08001970   0x08001970   0x0000012c   Code   RO          816    i.HAL_RCC_ClockConfig  stm32f1xx_hal_rcc.o
    0x08001a9c   0x08001a9c   0x00000040   Code   RO          820    i.HAL_RCC_GetClockConfig  stm32f1xx_hal_rcc.o
    0x08001adc   0x08001adc   0x00000020   Code   RO          823    i.HAL_RCC_GetPCLK1Freq  stm32f1xx_hal_rcc.o
    0x08001afc   0x08001afc   0x00000020   Code   RO          824    i.HAL_RCC_GetPCLK2Freq  stm32f1xx_hal_rcc.o
    0x08001b1c   0x08001b1c   0x0000004c   Code   RO          825    i.HAL_RCC_GetSysClockFreq  stm32f1xx_hal_rcc.o
    0x08001b68   0x08001b68   0x00000320   Code   RO          828    i.HAL_RCC_OscConfig  stm32f1xx_hal_rcc.o
    0x08001e88   0x08001e88   0x00000002   Code   RO         2761    i.HAL_TIMEx_BreakCallback  stm32f1xx_hal_tim_ex.o
    0x08001e8a   0x08001e8a   0x00000002   Code   RO         2762    i.HAL_TIMEx_CommutCallback  stm32f1xx_hal_tim_ex.o
    0x08001e8c   0x08001e8c   0x00000054   Code   RO         2764    i.HAL_TIMEx_ConfigBreakDeadTime  stm32f1xx_hal_tim_ex.o
    0x08001ee0   0x08001ee0   0x00000068   Code   RO         2780    i.HAL_TIMEx_MasterConfigSynchronization  stm32f1xx_hal_tim_ex.o
    0x08001f48   0x08001f48   0x0000005a   Code   RO         2057    i.HAL_TIM_Base_Init  stm32f1xx_hal_tim.o
    0x08001fa2   0x08001fa2   0x00000002   Code   RO         2059    i.HAL_TIM_Base_MspInit  stm32f1xx_hal_tim.o
    0x08001fa4   0x08001fa4   0x00000058   Code   RO         2062    i.HAL_TIM_Base_Start_IT  stm32f1xx_hal_tim.o
    0x08001ffc   0x08001ffc   0x000000a4   Code   RO         2078    i.HAL_TIM_Encoder_Init  stm32f1xx_hal_tim.o
    0x080020a0   0x080020a0   0x0000008c   Code   RO          343    i.HAL_TIM_Encoder_MspInit  tim.o
    0x0800212c   0x0800212c   0x0000008e   Code   RO         2081    i.HAL_TIM_Encoder_Start  stm32f1xx_hal_tim.o
    0x080021ba   0x080021ba   0x00000002   Code   RO         2091    i.HAL_TIM_IC_CaptureCallback  stm32f1xx_hal_tim.o
    0x080021bc   0x080021bc   0x00000166   Code   RO         2105    i.HAL_TIM_IRQHandler  stm32f1xx_hal_tim.o
    0x08002322   0x08002322   0x00000002   PAD
    0x08002324   0x08002324   0x0000004c   Code   RO          344    i.HAL_TIM_MspPostInit  tim.o
    0x08002370   0x08002370   0x00000002   Code   RO         2108    i.HAL_TIM_OC_DelayElapsedCallback  stm32f1xx_hal_tim.o
    0x08002372   0x08002372   0x000000cc   Code   RO         2129    i.HAL_TIM_PWM_ConfigChannel  stm32f1xx_hal_tim.o
    0x0800243e   0x0800243e   0x0000005a   Code   RO         2132    i.HAL_TIM_PWM_Init  stm32f1xx_hal_tim.o
    0x08002498   0x08002498   0x00000028   Code   RO          346    i.HAL_TIM_PWM_MspInit  tim.o
    0x080024c0   0x080024c0   0x00000002   Code   RO         2135    i.HAL_TIM_PWM_PulseFinishedCallback  stm32f1xx_hal_tim.o
    0x080024c2   0x080024c2   0x00000002   PAD
    0x080024c4   0x080024c4   0x0000009c   Code   RO         2137    i.HAL_TIM_PWM_Start  stm32f1xx_hal_tim.o
    0x08002560   0x08002560   0x00000014   Code   RO           14    i.HAL_TIM_PeriodElapsedCallback  main.o
    0x08002574   0x08002574   0x00000002   Code   RO         2148    i.HAL_TIM_TriggerCallback  stm32f1xx_hal_tim.o
    0x08002576   0x08002576   0x00000002   Code   RO         3040    i.HAL_UARTEx_RxEventCallback  stm32f1xx_hal_uart.o
    0x08002578   0x08002578   0x00000002   Code   RO         3054    i.HAL_UART_ErrorCallback  stm32f1xx_hal_uart.o
    0x0800257a   0x0800257a   0x00000002   PAD
    0x0800257c   0x0800257c   0x0000026c   Code   RO         3057    i.HAL_UART_IRQHandler  stm32f1xx_hal_uart.o
    0x080027e8   0x080027e8   0x00000064   Code   RO         3058    i.HAL_UART_Init     stm32f1xx_hal_uart.o
    0x0800284c   0x0800284c   0x00000080   Code   RO          415    i.HAL_UART_MspInit  usart.o
    0x080028cc   0x080028cc   0x0000001c   Code   RO         3063    i.HAL_UART_Receive_IT  stm32f1xx_hal_uart.o
    0x080028e8   0x080028e8   0x00000058   Code   RO         5337    i.HAL_UART_RxCpltCallback  callbacks.o
    0x08002940   0x08002940   0x00000002   Code   RO         3069    i.HAL_UART_TxCpltCallback  stm32f1xx_hal_uart.o
    0x08002942   0x08002942   0x00000002   Code   RO          460    i.HardFault_Handler  stm32f1xx_it.o
    0x08002944   0x08002944   0x0000002e   Code   RO         1672    i.I2C_IsAcknowledgeFailed  stm32f1xx_hal_i2c.o
    0x08002972   0x08002972   0x00000002   PAD
    0x08002974   0x08002974   0x000000fc   Code   RO         1682    i.I2C_RequestMemoryRead  stm32f1xx_hal_i2c.o
    0x08002a70   0x08002a70   0x000000a8   Code   RO         1683    i.I2C_RequestMemoryWrite  stm32f1xx_hal_i2c.o
    0x08002b18   0x08002b18   0x00000056   Code   RO         1687    i.I2C_WaitOnBTFFlagUntilTimeout  stm32f1xx_hal_i2c.o
    0x08002b6e   0x08002b6e   0x00000002   PAD
    0x08002b70   0x08002b70   0x00000090   Code   RO         1688    i.I2C_WaitOnFlagUntilTimeout  stm32f1xx_hal_i2c.o
    0x08002c00   0x08002c00   0x000000bc   Code   RO         1689    i.I2C_WaitOnMasterAddressFlagUntilTimeout  stm32f1xx_hal_i2c.o
    0x08002cbc   0x08002cbc   0x00000070   Code   RO         1690    i.I2C_WaitOnRXNEFlagUntilTimeout  stm32f1xx_hal_i2c.o
    0x08002d2c   0x08002d2c   0x00000056   Code   RO         1691    i.I2C_WaitOnTXEFlagUntilTimeout  stm32f1xx_hal_i2c.o
    0x08002d82   0x08002d82   0x00000002   PAD
    0x08002d84   0x08002d84   0x00000040   Code   RO         5431    i.IIC_Ack           iic.o
    0x08002dc4   0x08002dc4   0x0000000c   Code   RO         5433    i.IIC_Delay         iic.o
    0x08002dd0   0x08002dd0   0x0000003c   Code   RO         5434    i.IIC_GPIO_Init     iic.o
    0x08002e0c   0x08002e0c   0x00000038   Code   RO         5435    i.IIC_NAck          iic.o
    0x08002e44   0x08002e44   0x00000058   Code   RO         5436    i.IIC_Read_Byte     iic.o
    0x08002e9c   0x08002e9c   0x0000005c   Code   RO         5437    i.IIC_Send_Byte     iic.o
    0x08002ef8   0x08002ef8   0x00000040   Code   RO         5438    i.IIC_Start         iic.o
    0x08002f38   0x08002f38   0x00000030   Code   RO         5439    i.IIC_Stop          iic.o
    0x08002f68   0x08002f68   0x00000048   Code   RO         5440    i.IIC_Wait_Ack      iic.o
    0x08002fb0   0x08002fb0   0x0000002a   Code   RO         6056    i.Limit             motor.o
    0x08002fda   0x08002fda   0x00000002   PAD
    0x08002fdc   0x08002fdc   0x0000007c   Code   RO         6057    i.Load              motor.o
    0x08003058   0x08003058   0x0000006c   Code   RO         5089    i.MPU6050_Task      mpu6050_task.o
    0x080030c4   0x080030c4   0x00000032   Code   RO         6105    i.MPU_Get_Accelerometer  mpu6050.o
    0x080030f6   0x080030f6   0x00000032   Code   RO         6106    i.MPU_Get_Gyroscope  mpu6050.o
    0x08003128   0x08003128   0x00000076   Code   RO         6108    i.MPU_Init          mpu6050.o
    0x0800319e   0x0800319e   0x0000003a   Code   RO         6109    i.MPU_Read_Byte     mpu6050.o
    0x080031d8   0x080031d8   0x0000006c   Code   RO         6110    i.MPU_Read_Len      mpu6050.o
    0x08003244   0x08003244   0x0000000a   Code   RO         6111    i.MPU_Set_Accel_Fsr  mpu6050.o
    0x0800324e   0x0800324e   0x0000000a   Code   RO         6112    i.MPU_Set_Gyro_Fsr  mpu6050.o
    0x08003258   0x08003258   0x00000030   Code   RO         6113    i.MPU_Set_LPF       mpu6050.o
    0x08003288   0x08003288   0x0000002e   Code   RO         6114    i.MPU_Set_Rate      mpu6050.o
    0x080032b6   0x080032b6   0x0000003c   Code   RO         6115    i.MPU_Write_Byte    mpu6050.o
    0x080032f2   0x080032f2   0x00000052   Code   RO         6116    i.MPU_Write_Len     mpu6050.o
    0x08003344   0x08003344   0x00000020   Code   RO          229    i.MX_FREERTOS_Init  freertos.o
    0x08003364   0x08003364   0x000000f8   Code   RO          205    i.MX_GPIO_Init      gpio.o
    0x0800345c   0x0800345c   0x00000040   Code   RO          302    i.MX_I2C1_Init      i2c.o
    0x0800349c   0x0800349c   0x000000b4   Code   RO          347    i.MX_TIM1_Init      tim.o
    0x08003550   0x08003550   0x00000068   Code   RO          348    i.MX_TIM2_Init      tim.o
    0x080035b8   0x080035b8   0x0000006c   Code   RO          349    i.MX_TIM4_Init      tim.o
    0x08003624   0x08003624   0x00000038   Code   RO          416    i.MX_USART3_UART_Init  usart.o
    0x0800365c   0x0800365c   0x00000002   Code   RO          461    i.MemManage_Handler  stm32f1xx_it.o
    0x0800365e   0x0800365e   0x00000002   Code   RO          462    i.NMI_Handler       stm32f1xx_it.o
    0x08003660   0x08003660   0x00000034   Code   RO         6194    i.OLED_Clear        oled.o
    0x08003694   0x08003694   0x00000010   Code   RO         6197    i.OLED_Init         oled.o
    0x080036a4   0x080036a4   0x00000022   Code   RO         6199    i.OLED_Set_Pos      oled.o
    0x080036c6   0x080036c6   0x00000002   PAD
    0x080036c8   0x080036c8   0x00000088   Code   RO         6201    i.OLED_ShowChar     oled.o
    0x08003750   0x08003750   0x0000006a   Code   RO         6202    i.OLED_ShowNum      oled.o
    0x080037ba   0x080037ba   0x00000036   Code   RO         6203    i.OLED_ShowString   oled.o
    0x080037f0   0x080037f0   0x000002cc   Code   RO         5048    i.OLED_Task         oled_task.o
    0x08003abc   0x08003abc   0x00000024   Code   RO         6204    i.OLED_WR_CMD       oled.o
    0x08003ae0   0x08003ae0   0x00000024   Code   RO         6205    i.OLED_WR_DATA      oled.o
    0x08003b04   0x08003b04   0x0000000c   Code   RO         5404    i.Read_Speed        encoder.o
    0x08003b10   0x08003b10   0x00000024   Code   RO         6305    i.SR04_Init         sr04.o
    0x08003b34   0x08003b34   0x000000a0   Code   RO         5304    i.SR04_Task         sr04_task.o
    0x08003bd4   0x08003bd4   0x00000028   Code   RO         6306    i.SR04_Trigger      sr04.o
    0x08003bfc   0x08003bfc   0x00000008   Code   RO          230    i.StartDefaultTask  freertos.o
    0x08003c04   0x08003c04   0x00000030   Code   RO         6058    i.Stop              motor.o
    0x08003c34   0x08003c34   0x0000002c   Code   RO         4966    i.SysTick_Handler   port.o
    0x08003c60   0x08003c60   0x0000005e   Code   RO           15    i.SystemClock_Config  main.o
    0x08003cbe   0x08003cbe   0x00000002   Code   RO         3392    i.SystemInit        system_stm32f1xx.o
    0x08003cc0   0x08003cc0   0x0000000c   Code   RO          463    i.TIM3_IRQHandler   stm32f1xx_it.o
    0x08003ccc   0x08003ccc   0x0000006c   Code   RO         2150    i.TIM_Base_SetConfig  stm32f1xx_hal_tim.o
    0x08003d38   0x08003d38   0x0000001a   Code   RO         2151    i.TIM_CCxChannelCmd  stm32f1xx_hal_tim.o
    0x08003d52   0x08003d52   0x00000002   PAD
    0x08003d54   0x08003d54   0x00000050   Code   RO         2163    i.TIM_OC1_SetConfig  stm32f1xx_hal_tim.o
    0x08003da4   0x08003da4   0x00000058   Code   RO         2164    i.TIM_OC2_SetConfig  stm32f1xx_hal_tim.o
    0x08003dfc   0x08003dfc   0x00000058   Code   RO         2165    i.TIM_OC3_SetConfig  stm32f1xx_hal_tim.o
    0x08003e54   0x08003e54   0x00000044   Code   RO         2166    i.TIM_OC4_SetConfig  stm32f1xx_hal_tim.o
    0x08003e98   0x08003e98   0x00000198   Code   RO         5230    i.Task_Init         task_init.o
    0x08004030   0x08004030   0x00000010   Code   RO         3071    i.UART_DMAAbortOnError  stm32f1xx_hal_uart.o
    0x08004040   0x08004040   0x0000004e   Code   RO         3081    i.UART_EndRxTransfer  stm32f1xx_hal_uart.o
    0x0800408e   0x0800408e   0x000000c2   Code   RO         3083    i.UART_Receive_IT   stm32f1xx_hal_uart.o
    0x08004150   0x08004150   0x000000b8   Code   RO         3084    i.UART_SetConfig    stm32f1xx_hal_uart.o
    0x08004208   0x08004208   0x00000036   Code   RO         3086    i.UART_Start_Receive_IT  stm32f1xx_hal_uart.o
    0x0800423e   0x0800423e   0x00000002   PAD
    0x08004240   0x08004240   0x0000000c   Code   RO          464    i.USART3_IRQHandler  stm32f1xx_it.o
    0x0800424c   0x0800424c   0x00000002   Code   RO          465    i.UsageFault_Handler  stm32f1xx_it.o
    0x0800424e   0x0800424e   0x0000003e   Code   RO         5196    i.Vertical          tools.o
    0x0800428c   0x0800428c   0x00000034   Code   RO         6206    i.WriteCmd          oled.o
    0x080042c0   0x080042c0   0x00000028   Code   RO         6582    i.__ARM_fpclassify  m_ws.l(fpclassify.o)
    0x080042e8   0x080042e8   0x00000020   Code   RO         1131    i.__NVIC_SetPriority  stm32f1xx_hal_cortex.o
    0x08004308   0x08004308   0x000000aa   Code   RO         6584    i.__kernel_poly     m_ws.l(poly.o)
    0x080043b2   0x080043b2   0x00000006   Code   RO         6569    i.__mathlib_dbl_infnan  m_ws.l(dunder.o)
    0x080043b8   0x080043b8   0x00000004   Code   RO         6570    i.__mathlib_dbl_infnan2  m_ws.l(dunder.o)
    0x080043bc   0x080043bc   0x0000000c   Code   RO         6571    i.__mathlib_dbl_invalid  m_ws.l(dunder.o)
    0x080043c8   0x080043c8   0x00000010   Code   RO         6574    i.__mathlib_dbl_underflow  m_ws.l(dunder.o)
    0x080043d8   0x080043d8   0x0000000e   Code   RO         6427    i._is_digit         c_w.l(__printf_wp.o)
    0x080043e6   0x080043e6   0x00000002   PAD
    0x080043e8   0x080043e8   0x00000080   Code   RO         5511    i.accel_self_test   inv_mpu.o
    0x08004468   0x08004468   0x00000270   Code   RO         6508    i.asin              m_ws.l(asin.o)
    0x080046d8   0x080046d8   0x00000220   Code   RO         6559    i.atan              m_ws.l(atan.o)
    0x080048f8   0x080048f8   0x0000019c   Code   RO         6518    i.atan2             m_ws.l(atan2.o)
    0x08004a94   0x08004a94   0x0000003a   Code   RO         5871    i.dmp_enable_6x_lp_quat  inv_mpu_dmp_motion_driver.o
    0x08004ace   0x08004ace   0x00000002   PAD
    0x08004ad0   0x08004ad0   0x000001d8   Code   RO         5872    i.dmp_enable_feature  inv_mpu_dmp_motion_driver.o
    0x08004ca8   0x08004ca8   0x0000003c   Code   RO         5873    i.dmp_enable_gyro_cal  inv_mpu_dmp_motion_driver.o
    0x08004ce4   0x08004ce4   0x0000003a   Code   RO         5874    i.dmp_enable_lp_quat  inv_mpu_dmp_motion_driver.o
    0x08004d1e   0x08004d1e   0x00000002   PAD
    0x08004d20   0x08004d20   0x00000014   Code   RO         5879    i.dmp_load_motion_driver_firmware  inv_mpu_dmp_motion_driver.o
    0x08004d34   0x08004d34   0x00000164   Code   RO         5880    i.dmp_read_fifo     inv_mpu_dmp_motion_driver.o
    0x08004e98   0x08004e98   0x000000d8   Code   RO         5883    i.dmp_set_accel_bias  inv_mpu_dmp_motion_driver.o
    0x08004f70   0x08004f70   0x00000064   Code   RO         5884    i.dmp_set_fifo_rate  inv_mpu_dmp_motion_driver.o
    0x08004fd4   0x08004fd4   0x000000cc   Code   RO         5885    i.dmp_set_gyro_bias  inv_mpu_dmp_motion_driver.o
    0x080050a0   0x080050a0   0x0000010c   Code   RO         5887    i.dmp_set_orientation  inv_mpu_dmp_motion_driver.o
    0x080051ac   0x080051ac   0x00000030   Code   RO         5890    i.dmp_set_shake_reject_thresh  inv_mpu_dmp_motion_driver.o
    0x080051dc   0x080051dc   0x00000020   Code   RO         5891    i.dmp_set_shake_reject_time  inv_mpu_dmp_motion_driver.o
    0x080051fc   0x080051fc   0x00000020   Code   RO         5892    i.dmp_set_shake_reject_timeout  inv_mpu_dmp_motion_driver.o
    0x0800521c   0x0800521c   0x00000040   Code   RO         5893    i.dmp_set_tap_axes  inv_mpu_dmp_motion_driver.o
    0x0800525c   0x0800525c   0x00000022   Code   RO         5894    i.dmp_set_tap_count  inv_mpu_dmp_motion_driver.o
    0x0800527e   0x0800527e   0x00000002   PAD
    0x08005280   0x08005280   0x00000128   Code   RO         5895    i.dmp_set_tap_thresh  inv_mpu_dmp_motion_driver.o
    0x080053a8   0x080053a8   0x00000020   Code   RO         5896    i.dmp_set_tap_time  inv_mpu_dmp_motion_driver.o
    0x080053c8   0x080053c8   0x00000020   Code   RO         5897    i.dmp_set_tap_time_multi  inv_mpu_dmp_motion_driver.o
    0x080053e8   0x080053e8   0x000000ac   Code   RO         5512    i.get_accel_prod_shift  inv_mpu.o
    0x08005494   0x08005494   0x00000314   Code   RO         5513    i.get_st_biases     inv_mpu.o
    0x080057a8   0x080057a8   0x000000d4   Code   RO         5514    i.gyro_self_test    inv_mpu.o
    0x0800587c   0x0800587c   0x00000022   Code   RO         5515    i.inv_orientation_matrix_to_scalar  inv_mpu.o
    0x0800589e   0x0800589e   0x00000048   Code   RO         5516    i.inv_row_2_scale   inv_mpu.o
    0x080058e6   0x080058e6   0x00000036   Code   RO           16    i.main              main.o
    0x0800591c   0x0800591c   0x00000002   Code   RO         5517    i.mget_ms           inv_mpu.o
    0x0800591e   0x0800591e   0x00000002   PAD
    0x08005920   0x08005920   0x00000054   Code   RO         5518    i.mpu_configure_fifo  inv_mpu.o
    0x08005974   0x08005974   0x0000019c   Code   RO         5519    i.mpu_dmp_get_data  inv_mpu.o
    0x08005b10   0x08005b10   0x0000009c   Code   RO         5520    i.mpu_dmp_init      inv_mpu.o
    0x08005bac   0x08005bac   0x0000003c   Code   RO         5521    i.mpu_get_accel_fsr  inv_mpu.o
    0x08005be8   0x08005be8   0x00000044   Code   RO         5523    i.mpu_get_accel_sens  inv_mpu.o
    0x08005c2c   0x08005c2c   0x00000034   Code   RO         5529    i.mpu_get_gyro_fsr  inv_mpu.o
    0x08005c60   0x08005c60   0x00000040   Code   RO         5531    i.mpu_get_gyro_sens  inv_mpu.o
    0x08005ca0   0x08005ca0   0x00000038   Code   RO         5533    i.mpu_get_lpf       inv_mpu.o
    0x08005cd8   0x08005cd8   0x0000001c   Code   RO         5535    i.mpu_get_sample_rate  inv_mpu.o
    0x08005cf4   0x08005cf4   0x00000124   Code   RO         5537    i.mpu_init          inv_mpu.o
    0x08005e18   0x08005e18   0x000000a0   Code   RO         5538    i.mpu_load_firmware  inv_mpu.o
    0x08005eb8   0x08005eb8   0x000000b8   Code   RO         5539    i.mpu_lp_accel_mode  inv_mpu.o
    0x08005f70   0x08005f70   0x00000090   Code   RO         5542    i.mpu_read_fifo_stream  inv_mpu.o
    0x08006000   0x08006000   0x00000054   Code   RO         5543    i.mpu_read_mem      inv_mpu.o
    0x08006054   0x08006054   0x00000160   Code   RO         5546    i.mpu_reset_fifo    inv_mpu.o
    0x080061b4   0x080061b4   0x000000f0   Code   RO         5547    i.mpu_run_self_test  inv_mpu.o
    0x080062a4   0x080062a4   0x00000068   Code   RO         5549    i.mpu_set_accel_fsr  inv_mpu.o
    0x0800630c   0x0800630c   0x000000dc   Code   RO         5550    i.mpu_set_bypass    inv_mpu.o
    0x080063e8   0x080063e8   0x00000078   Code   RO         5552    i.mpu_set_dmp_state  inv_mpu.o
    0x08006460   0x08006460   0x0000006c   Code   RO         5553    i.mpu_set_gyro_fsr  inv_mpu.o
    0x080064cc   0x080064cc   0x00000064   Code   RO         5554    i.mpu_set_int_latched  inv_mpu.o
    0x08006530   0x08006530   0x0000006c   Code   RO         5556    i.mpu_set_lpf       inv_mpu.o
    0x0800659c   0x0800659c   0x00000080   Code   RO         5557    i.mpu_set_sample_rate  inv_mpu.o
    0x0800661c   0x0800661c   0x000000b8   Code   RO         5558    i.mpu_set_sensors   inv_mpu.o
    0x080066d4   0x080066d4   0x00000054   Code   RO         5559    i.mpu_write_mem     inv_mpu.o
    0x08006728   0x08006728   0x00000010   Code   RO         6207    i.oled_pow          oled.o
    0x08006738   0x08006738   0x00000034   Code   RO         4495    i.osDelay           cmsis_os2.o
    0x0800676c   0x0800676c   0x00000038   Code   RO         4509    i.osKernelInitialize  cmsis_os2.o
    0x080067a4   0x080067a4   0x00000040   Code   RO         4512    i.osKernelStart     cmsis_os2.o
    0x080067e4   0x080067e4   0x000000a4   Code   RO         4546    i.osThreadNew       cmsis_os2.o
    0x08006888   0x08006888   0x0000005c   Code   RO         3991    i.prvAddCurrentTaskToDelayedList  tasks.o
    0x080068e4   0x080068e4   0x000000d0   Code   RO         3992    i.prvAddNewTaskToReadyList  tasks.o
    0x080069b4   0x080069b4   0x00000058   Code   RO         4341    i.prvCheckForValidListAndQueue  timers.o
    0x08006a0c   0x08006a0c   0x00000026   Code   RO         3597    i.prvCopyDataFromQueue  queue.o
    0x08006a32   0x08006a32   0x0000006c   Code   RO         3598    i.prvCopyDataToQueue  queue.o
    0x08006a9e   0x08006a9e   0x00000034   Code   RO         3993    i.prvDeleteTCB      tasks.o
    0x08006ad2   0x08006ad2   0x00000002   PAD
    0x08006ad4   0x08006ad4   0x00000048   Code   RO         4916    i.prvHeapInit       heap_4.o
    0x08006b1c   0x08006b1c   0x00000060   Code   RO         3994    i.prvIdleTask       tasks.o
    0x08006b7c   0x08006b7c   0x00000016   Code   RO         3599    i.prvInitialiseMutex  queue.o
    0x08006b92   0x08006b92   0x00000002   PAD
    0x08006b94   0x08006b94   0x00000022   Code   RO         3600    i.prvInitialiseNewQueue  queue.o
    0x08006bb6   0x08006bb6   0x0000009c   Code   RO         3995    i.prvInitialiseNewTask  tasks.o
    0x08006c52   0x08006c52   0x00000002   PAD
    0x08006c54   0x08006c54   0x0000004c   Code   RO         4917    i.prvInsertBlockIntoFreeList  heap_4.o
    0x08006ca0   0x08006ca0   0x00000038   Code   RO         4343    i.prvInsertTimerInActiveList  timers.o
    0x08006cd8   0x08006cd8   0x0000001c   Code   RO         3601    i.prvIsQueueEmpty   queue.o
    0x08006cf4   0x08006cf4   0x000000cc   Code   RO         4344    i.prvProcessReceivedCommands  timers.o
    0x08006dc0   0x08006dc0   0x000000b4   Code   RO         4345    i.prvProcessTimerOrBlockTask  timers.o
    0x08006e74   0x08006e74   0x00000020   Code   RO         3997    i.prvResetNextTaskUnblockTime  tasks.o
    0x08006e94   0x08006e94   0x00000028   Code   RO         4346    i.prvSampleTimeNow  timers.o
    0x08006ebc   0x08006ebc   0x0000006c   Code   RO         4347    i.prvSwitchTimerLists  timers.o
    0x08006f28   0x08006f28   0x00000028   Code   RO         4967    i.prvTaskExitError  port.o
    0x08006f50   0x08006f50   0x00000024   Code   RO         4348    i.prvTimerTask      timers.o
    0x08006f74   0x08006f74   0x0000006a   Code   RO         3602    i.prvUnlockQueue    queue.o
    0x08006fde   0x08006fde   0x00000002   PAD
    0x08006fe0   0x08006fe0   0x000000d8   Code   RO         4918    i.pvPortMalloc      heap_4.o
    0x080070b8   0x080070b8   0x00000018   Code   RO         4000    i.pvTaskIncrementMutexHeldCount  tasks.o
    0x080070d0   0x080070d0   0x00000024   Code   RO         4968    i.pxPortInitialiseStack  port.o
    0x080070f4   0x080070f4   0x00000080   Code   RO         5560    i.run_self_test     inv_mpu.o
    0x08007174   0x08007174   0x00000058   Code   RO         5561    i.set_int_enable    inv_mpu.o
    0x080071cc   0x080071cc   0x0000004c   Code   RO         6588    i.sqrt              m_ws.l(sqrt.o)
    0x08007218   0x08007218   0x00000068   Code   RO         4001    i.ulTaskNotifyTake  tasks.o
    0x08007280   0x08007280   0x00000026   Code   RO         3557    i.uxListRemove      list.o
    0x080072a6   0x080072a6   0x00000002   PAD
    0x080072a8   0x080072a8   0x00000014   Code   RO         4558    i.vApplicationGetIdleTaskMemory  cmsis_os2.o
    0x080072bc   0x080072bc   0x00000018   Code   RO         4559    i.vApplicationGetTimerTaskMemory  cmsis_os2.o
    0x080072d4   0x080072d4   0x00000016   Code   RO         3558    i.vListInitialise   list.o
    0x080072ea   0x080072ea   0x00000006   Code   RO         3559    i.vListInitialiseItem  list.o
    0x080072f0   0x080072f0   0x00000030   Code   RO         3560    i.vListInsert       list.o
    0x08007320   0x08007320   0x00000018   Code   RO         3561    i.vListInsertEnd    list.o
    0x08007338   0x08007338   0x00000040   Code   RO         4970    i.vPortEnterCritical  port.o
    0x08007378   0x08007378   0x00000028   Code   RO         4971    i.vPortExitCritical  port.o
    0x080073a0   0x080073a0   0x0000005c   Code   RO         4919    i.vPortFree         heap_4.o
    0x080073fc   0x080073fc   0x00000024   Code   RO         4972    i.vPortSetupTimerInterrupt  port.o
    0x08007420   0x08007420   0x00000054   Code   RO         4973    i.vPortValidateInterruptPriority  port.o
    0x08007474   0x08007474   0x00000028   Code   RO         3608    i.vQueueAddToRegistry  queue.o
    0x0800749c   0x0800749c   0x00000044   Code   RO         3612    i.vQueueWaitForMessageRestricted  queue.o
    0x080074e0   0x080074e0   0x0000004c   Code   RO         4009    i.vTaskDelay        tasks.o
    0x0800752c   0x0800752c   0x0000008c   Code   RO         4010    i.vTaskDelayUntil   tasks.o
    0x080075b8   0x080075b8   0x00000010   Code   RO         4014    i.vTaskInternalSetTimeOutState  tasks.o
    0x080075c8   0x080075c8   0x0000000c   Code   RO         4015    i.vTaskMissedYield  tasks.o
    0x080075d4   0x080075d4   0x000000b0   Code   RO         4016    i.vTaskNotifyGiveFromISR  tasks.o
    0x08007684   0x08007684   0x00000030   Code   RO         4017    i.vTaskPlaceOnEventList  tasks.o
    0x080076b4   0x080076b4   0x00000038   Code   RO         4018    i.vTaskPlaceOnEventListRestricted  tasks.o
    0x080076ec   0x080076ec   0x00000090   Code   RO         4020    i.vTaskPriorityDisinheritAfterTimeout  tasks.o
    0x0800777c   0x0800777c   0x00000088   Code   RO         4026    i.vTaskStartScheduler  tasks.o
    0x08007804   0x08007804   0x00000010   Code   RO         4028    i.vTaskSuspendAll   tasks.o
    0x08007814   0x08007814   0x00000064   Code   RO         4029    i.vTaskSwitchContext  tasks.o
    0x08007878   0x08007878   0x000000a8   Code   RO         4974    i.xPortStartScheduler  port.o
    0x08007920   0x08007920   0x00000016   Code   RO         3615    i.xQueueCreateMutex  queue.o
    0x08007936   0x08007936   0x00000048   Code   RO         3617    i.xQueueGenericCreate  queue.o
    0x0800797e   0x0800797e   0x00000066   Code   RO         3618    i.xQueueGenericCreateStatic  queue.o
    0x080079e4   0x080079e4   0x00000088   Code   RO         3619    i.xQueueGenericReset  queue.o
    0x08007a6c   0x08007a6c   0x00000160   Code   RO         3620    i.xQueueGenericSend  queue.o
    0x08007bcc   0x08007bcc   0x000000bc   Code   RO         3621    i.xQueueGenericSendFromISR  queue.o
    0x08007c88   0x08007c88   0x00000138   Code   RO         3630    i.xQueueReceive     queue.o
    0x08007dc0   0x08007dc0   0x00000178   Code   RO         3632    i.xQueueSemaphoreTake  queue.o
    0x08007f38   0x08007f38   0x00000074   Code   RO         4030    i.xTaskCheckForTimeOut  tasks.o
    0x08007fac   0x08007fac   0x0000005a   Code   RO         4031    i.xTaskCreate       tasks.o
    0x08008006   0x08008006   0x00000056   Code   RO         4032    i.xTaskCreateStatic  tasks.o
    0x0800805c   0x0800805c   0x0000000c   Code   RO         4035    i.xTaskGetCurrentTaskHandle  tasks.o
    0x08008068   0x08008068   0x0000001c   Code   RO         4036    i.xTaskGetSchedulerState  tasks.o
    0x08008084   0x08008084   0x0000000c   Code   RO         4037    i.xTaskGetTickCount  tasks.o
    0x08008090   0x08008090   0x000000c8   Code   RO         4039    i.xTaskIncrementTick  tasks.o
    0x08008158   0x08008158   0x00000080   Code   RO         4042    i.xTaskPriorityDisinherit  tasks.o
    0x080081d8   0x080081d8   0x00000078   Code   RO         4043    i.xTaskPriorityInherit  tasks.o
    0x08008250   0x08008250   0x00000070   Code   RO         4044    i.xTaskRemoveFromEventList  tasks.o
    0x080082c0   0x080082c0   0x000000c4   Code   RO         4045    i.xTaskResumeAll    tasks.o
    0x08008384   0x08008384   0x00000060   Code   RO         4355    i.xTimerCreateTimerTask  timers.o
    0x080083e4   0x080083e4   0x00000068   Code   RO         4356    i.xTimerGenericCommand  timers.o
    0x0800844c   0x0800844c   0x00000062   Code   RO         6453    x$fpl$d2f           fz_ws.l(d2f.o)
    0x080084ae   0x080084ae   0x00000002   PAD
    0x080084b0   0x080084b0   0x00000150   Code   RO         6455    x$fpl$dadd          fz_ws.l(daddsub_clz.o)
    0x08008600   0x08008600   0x00000010   Code   RO         6621    x$fpl$dcheck1       fz_ws.l(dcheck1.o)
    0x08008610   0x08008610   0x00000018   Code   RO         6623    x$fpl$dcmpinf       fz_ws.l(dcmpi.o)
    0x08008628   0x08008628   0x000002b0   Code   RO         6462    x$fpl$ddiv          fz_ws.l(ddiv.o)
    0x080088d8   0x080088d8   0x00000078   Code   RO         6543    x$fpl$deqf          fz_ws.l(deqf.o)
    0x08008950   0x08008950   0x0000005e   Code   RO         6465    x$fpl$dfix          fz_ws.l(dfix.o)
    0x080089ae   0x080089ae   0x00000002   PAD
    0x080089b0   0x080089b0   0x00000154   Code   RO         6475    x$fpl$dmul          fz_ws.l(dmul.o)
    0x08008b04   0x08008b04   0x0000009c   Code   RO         6545    x$fpl$dnaninf       fz_ws.l(dnaninf.o)
    0x08008ba0   0x08008ba0   0x0000000c   Code   RO         6547    x$fpl$dretinf       fz_ws.l(dretinf.o)
    0x08008bac   0x08008bac   0x00000016   Code   RO         6456    x$fpl$drsb          fz_ws.l(daddsub_clz.o)
    0x08008bc2   0x08008bc2   0x00000002   PAD
    0x08008bc4   0x08008bc4   0x000001cc   Code   RO         6627    x$fpl$dsqrt         fz_ws.l(dsqrt_noumaal.o)
    0x08008d90   0x08008d90   0x000001d4   Code   RO         6457    x$fpl$dsub          fz_ws.l(daddsub_clz.o)
    0x08008f64   0x08008f64   0x00000056   Code   RO         6477    x$fpl$f2d           fz_ws.l(f2d.o)
    0x08008fba   0x08008fba   0x00000002   PAD
    0x08008fbc   0x08008fbc   0x000000c4   Code   RO         6479    x$fpl$fadd          fz_ws.l(faddsub_clz.o)
    0x08009080   0x08009080   0x0000000c   Code   RO         6549    x$fpl$fcheck1       fz_ws.l(fcheck1.o)
    0x0800908c   0x0800908c   0x00000184   Code   RO         6486    x$fpl$fdiv          fz_ws.l(fdiv.o)
    0x08009210   0x08009210   0x00000036   Code   RO         6489    x$fpl$ffix          fz_ws.l(ffix.o)
    0x08009246   0x08009246   0x00000002   PAD
    0x08009248   0x08009248   0x0000003e   Code   RO         6493    x$fpl$ffixu         fz_ws.l(ffixu.o)
    0x08009286   0x08009286   0x00000002   PAD
    0x08009288   0x08009288   0x00000030   Code   RO         6498    x$fpl$fflt          fz_ws.l(fflt_clz.o)
    0x080092b8   0x080092b8   0x00000026   Code   RO         6497    x$fpl$ffltu         fz_ws.l(fflt_clz.o)
    0x080092de   0x080092de   0x00000002   PAD
    0x080092e0   0x080092e0   0x00000102   Code   RO         6503    x$fpl$fmul          fz_ws.l(fmul.o)
    0x080093e2   0x080093e2   0x0000008c   Code   RO         6551    x$fpl$fnaninf       fz_ws.l(fnaninf.o)
    0x0800946e   0x0800946e   0x0000000a   Code   RO         6553    x$fpl$fretinf       fz_ws.l(fretinf.o)
    0x08009478   0x08009478   0x000000ea   Code   RO         6481    x$fpl$fsub          fz_ws.l(faddsub_clz.o)
    0x08009562   0x08009562   0x00000064   Code   RO         6629    x$fpl$retnan        fz_ws.l(retnan.o)
    0x080095c6   0x080095c6   0x0000005c   Code   RO         6555    x$fpl$scalbn        fz_ws.l(scalbn.o)
    0x08009622   0x08009622   0x0000004c   Code   RO         6505    x$fpl$scalbnf       fz_ws.l(scalbnf.o)
    0x0800966e   0x0800966e   0x00000030   Code   RO         6646    x$fpl$trapveneer    fz_ws.l(trapv.o)
    0x0800969e   0x0800969e   0x00000000   Code   RO         6557    x$fpl$usenofp       fz_ws.l(usenofp.o)
    0x0800969e   0x0800969e   0x00000002   PAD
    0x080096a0   0x080096a0   0x00000024   Data   RO          231    .constdata          freertos.o
    0x080096c4   0x080096c4   0x00000012   Data   RO          829    .constdata          stm32f1xx_hal_rcc.o
    0x080096d6   0x080096d6   0x00000010   Data   RO         3393    .constdata          system_stm32f1xx.o
    0x080096e6   0x080096e6   0x00000008   Data   RO         3394    .constdata          system_stm32f1xx.o
    0x080096ee   0x080096ee   0x00000002   PAD
    0x080096f0   0x080096f0   0x00000004   Data   RO         5306    .constdata          sr04_task.o
    0x080096f4   0x080096f4   0x0000001b   Data   RO         5563    .constdata          inv_mpu.o
    0x0800970f   0x0800970f   0x00000001   PAD
    0x08009710   0x08009710   0x0000000c   Data   RO         5564    .constdata          inv_mpu.o
    0x0800971c   0x0800971c   0x00000028   Data   RO         5565    .constdata          inv_mpu.o
    0x08009744   0x08009744   0x00000bf6   Data   RO         5899    .constdata          inv_mpu_dmp_motion_driver.o
    0x0800a33a   0x0800a33a   0x000009c8   Data   RO         6208    .constdata          oled.o
    0x0800ad02   0x0800ad02   0x00000028   Data   RO         6400    .constdata          c_w.l(_printf_hex_int.o)
    0x0800ad2a   0x0800ad2a   0x00000011   Data   RO         6430    .constdata          c_w.l(__printf_flags_wp.o)
    0x0800ad3b   0x0800ad3b   0x00000005   PAD
    0x0800ad40   0x0800ad40   0x00000050   Data   RO         6509    .constdata          m_ws.l(asin.o)
    0x0800ad90   0x0800ad90   0x00000098   Data   RO         6560    .constdata          m_ws.l(atan.o)
    0x0800ae28   0x0800ae28   0x00000008   Data   RO         6586    .constdata          m_ws.l(qnan.o)
    0x0800ae30   0x0800ae30   0x0000000c   Data   RO          232    .conststring        freertos.o
    0x0800ae3c   0x0800ae3c   0x00000020   Data   RO         6778    Region$$Table       anon$$obj.o


    Execution Region RW_IRAM1 (Exec base: 0x20000000, Load base: 0x0800ae5c, Size: 0x00003e20, Max: 0x00005000, ABSOLUTE, COMPRESSED[0x00000044])

    Exec Addr    Load Addr    Size         Type   Attr      Idx    E Section Name        Object

    0x20000000   COMPRESSED   0x00000004   Data   RW          233    .data               freertos.o
    0x20000004   COMPRESSED   0x0000000c   Data   RW          666    .data               stm32f1xx_hal.o
    0x20000010   COMPRESSED   0x00000004   Data   RW         3395    .data               system_stm32f1xx.o
    0x20000014   COMPRESSED   0x0000003c   Data   RW         4048    .data               tasks.o
    0x20000050   COMPRESSED   0x00000014   Data   RW         4364    .data               timers.o
    0x20000064   COMPRESSED   0x00000004   Data   RW         4561    .data               cmsis_os2.o
    0x20000068   COMPRESSED   0x00000018   Data   RW         4924    .data               heap_4.o
    0x20000080   COMPRESSED   0x0000000c   Data   RW         4975    .data               port.o
    0x2000008c   COMPRESSED   0x00000008   Data   RW         5050    .data               oled_task.o
    0x20000094   COMPRESSED   0x0000000c   Data   RW         5117    .data               encoder_task.o
    0x200000a0   COMPRESSED   0x00000014   Data   RW         5155    .data               control_task.o
    0x200000b4   COMPRESSED   0x00000034   Data   RW         5231    .data               task_init.o
    0x200000e8   COMPRESSED   0x00000004   Data   RW         5273    .data               bluetooth_task.o
    0x200000ec   COMPRESSED   0x00000002   Data   RW         5338    .data               callbacks.o
    0x200000ee   COMPRESSED   0x00000002   Data   RW         5373    .data               at24c64_task.o
    0x200000f0   COMPRESSED   0x00000035   Data   RW         5566    .data               inv_mpu.o
    0x20000125   COMPRESSED   0x00000001   Data   RW         6060    .data               motor.o
    0x20000126   COMPRESSED   0x0000001b   Data   RW         6209    .data               oled.o
    0x20000141   COMPRESSED   0x00000003   PAD
    0x20000144   COMPRESSED   0x0000000c   Data   RW         6307    .data               sr04.o
    0x20000150        -       0x00000054   Zero   RW          303    .bss                i2c.o
    0x200001a4        -       0x000000d8   Zero   RW          350    .bss                tim.o
    0x2000027c        -       0x00000048   Zero   RW          417    .bss                usart.o
    0x200002c4        -       0x00000048   Zero   RW          569    .bss                stm32f1xx_hal_timebase_tim.o
    0x2000030c        -       0x00000040   Zero   RW         3634    .bss                queue.o
    0x2000034c        -       0x000004c4   Zero   RW         4047    .bss                tasks.o
    0x20000810        -       0x00000118   Zero   RW         4363    .bss                timers.o
    0x20000928        -       0x000006b8   Zero   RW         4560    .bss                cmsis_os2.o
    0x20000fe0        -       0x00002710   Zero   RW         4923    .bss                heap_4.o
    0x200036f0        -       0x0000001c   Zero   RW         5049    .bss                oled_task.o
    0x2000370c        -       0x0000001c   Zero   RW         5090    .bss                mpu6050_task.o
    0x20003728        -       0x00000088   Zero   RW         5154    .bss                control_task.o
    0x200037b0        -       0x00000010   Zero   RW         5898    .bss                inv_mpu_dmp_motion_driver.o
    0x200037c0        -       0x00000060   Zero   RW         6632    .bss                c_w.l(libspace.o)
    0x20003820        -       0x00000200   Zero   RW            2    HEAP                startup_stm32f103xb.o
    0x20003a20        -       0x00000400   Zero   RW            1    STACK               startup_stm32f103xb.o


==============================================================================

Image component sizes


      Code (inc. data)   RO Data    RW Data    ZI Data      Debug   Object Name

        68         12          0          0          0       1403   at24c64.o
       144         14          0          2          0       1618   at24c64_task.o
       156         20          0          4          0        944   bluetooth_task.o
        88         20          0          2          0       1408   callbacks.o
       380         32          0          4       1720      17174   cmsis_os2.o
       516         70          0         20        136       2610   control_task.o
        12          0          0          0          0        789   encoder.o
        88         16          0         12          0        763   encoder_task.o
         0          0          0          0          0      20204   event_groups.o
        40         14         48          4          0       1841   freertos.o
       248         22          0          0          0       1003   gpio.o
       456         22          0         24      10000       4671   heap_4.o
       176         30          0          0         84       1653   i2c.o
       556         46          0          0          0       5399   iic.o
      5216        210         79         53          0      29786   inv_mpu.o
      2382        118       3062          0         16      19398   inv_mpu_dmp_motion_driver.o
       138          0          0          0          0       3394   list.o
       172          6          0          0          0     452216   main.o
       214         14          0          1          0       1881   motor.o
       640          0          0          0          0       7241   mpu6050.o
       108         10          0          0         28        735   mpu6050_task.o
       538         28       2504         27          0       6924   oled.o
       716         84          0          8         28       2900   oled_task.o
       662         70          0         12          0      10793   port.o
      2004         24          0          0         64      18312   queue.o
       212         50          0         12          0       2950   sr04.o
       160         38          4          0          0        724   sr04_task.o
        64         26        236          0       1536        808   startup_stm32f103xb.o
       100         18          0         12          0       5234   stm32f1xx_hal.o
       158         14          0          0          0      28186   stm32f1xx_hal_cortex.o
       222          4          0          0          0       1763   stm32f1xx_hal_dma.o
       524         40          0          0          0       4094   stm32f1xx_hal_gpio.o
      2734         66          0          0          0      14366   stm32f1xx_hal_i2c.o
        72         10          0          0          0        866   stm32f1xx_hal_msp.o
      1304         94         18          0          0       5725   stm32f1xx_hal_rcc.o
      1760         58          0          0          0      14706   stm32f1xx_hal_tim.o
       192         12          0          0          0       3177   stm32f1xx_hal_tim_ex.o
       152         20          0          0         72       1471   stm32f1xx_hal_timebase_tim.o
      1280         10          0          0          0       8812   stm32f1xx_hal_uart.o
        48         12          0          0          0       4303   stm32f1xx_it.o
         0          0          0          0          0       8932   stream_buffer.o
         2          0         24          4          0       1107   system_stm32f1xx.o
       408         76          0         52          0       1744   task_init.o
      2784        228          0         60       1220      29327   tasks.o
       648         62          0          0        216       4275   tim.o
       912         82          0         20        280      25991   timers.o
        62          0          0          0          0       1027   tools.o
       184         20          0          0         72       1682   usart.o

    ----------------------------------------------------------------------
     29748       1822       6010        336      15472     786330   Object Totals
         0          0         32          0          0          0   (incl. Generated)
        48          0          3          3          0          0   (incl. Padding)

    ----------------------------------------------------------------------

      Code (inc. data)   RO Data    RW Data    ZI Data      Debug   Library Member Name

        90          0          0          0          0          0   __dczerorl2.o
         8          0          0          0          0         68   __main.o
       312          4         17          0          0         92   __printf_flags_wp.o
        14          0          0          0          0         68   __printf_wp.o
         0          0          0          0          0          0   __rtentry.o
        12          0          0          0          0          0   __rtentry2.o
         6          0          0          0          0          0   __rtentry4.o
        52          8          0          0          0          0   __scatter.o
        28          0          0          0          0          0   __scatter_zi.o
        48          6          0          0          0         96   _printf_char_common.o
        88          4         40          0          0         88   _printf_hex_int.o
       178          0          0          0          0         88   _printf_intcommon.o
        78          0          0          0          0        108   _printf_pad.o
         0          0          0          0          0          0   _printf_percent.o
         4          0          0          0          0          0   _printf_percent_end.o
         6          0          0          0          0          0   _printf_x.o
        22          0          0          0          0        100   _rserrno.o
        16          0          0          0          0         68   _snputc.o
        10          0          0          0          0         68   _sputc.o
        16          0          0          0          0         68   aeabi_memset.o
        18          0          0          0          0         80   exit.o
         6          0          0          0          0        152   heapauxi.o
         0          0          0          0          0          0   indicate_semi.o
         2          0          0          0          0          0   libinit.o
         2          0          0          0          0          0   libinit2.o
         2          0          0          0          0          0   libshutdown.o
         2          0          0          0          0          0   libshutdown2.o
         8          4          0          0         96         68   libspace.o
        72          0          0          0          0         76   llsdiv.o
       238          0          0          0          0        100   lludivv7m.o
        88          0          0          0          0         76   memcmp.o
        52          4          0          0          0         84   noretval__2snprintf.o
         8          4          0          0          0         68   rt_errno_addr_intlibspace.o
        68          0          0          0          0         68   rt_memclr.o
        78          0          0          0          0         80   rt_memclr_w.o
       138          0          0          0          0         68   rt_memcpy_v6.o
       100          0          0          0          0         80   rt_memcpy_w.o
         2          0          0          0          0          0   rtexit.o
        10          0          0          0          0          0   rtexit2.o
        12          4          0          0          0         68   sys_exit.o
        74          0          0          0          0         80   sys_stackheap_outer.o
         2          0          0          0          0         68   use_no_semi.o
        98          4          0          0          0         92   d2f.o
       826         16          0          0          0        348   daddsub_clz.o
        16          4          0          0          0         68   dcheck1.o
        24          0          0          0          0         68   dcmpi.o
       688        140          0          0          0        208   ddiv.o
       120          4          0          0          0         92   deqf.o
        94          4          0          0          0         92   dfix.o
       340         12          0          0          0        104   dmul.o
       156          4          0          0          0         92   dnaninf.o
        12          0          0          0          0         68   dretinf.o
       460         56          0          0          0        120   dsqrt_noumaal.o
        86          4          0          0          0         84   f2d.o
       430          8          0          0          0        168   faddsub_clz.o
        12          4          0          0          0         68   fcheck1.o
       388         76          0          0          0         96   fdiv.o
        54          4          0          0          0         84   ffix.o
        62          4          0          0          0         84   ffixu.o
        86          0          0          0          0        136   fflt_clz.o
       258          4          0          0          0         84   fmul.o
       140          4          0          0          0         84   fnaninf.o
        10          0          0          0          0         68   fretinf.o
       100          0          0          0          0         68   retnan.o
        92          0          0          0          0         68   scalbn.o
        76          0          0          0          0         68   scalbnf.o
        48          0          0          0          0         68   trapv.o
         0          0          0          0          0          0   usenofp.o
       624         52         80          0          0        168   asin.o
       544         70        152          0          0        124   atan.o
       412         38          0          0          0        144   atan2.o
        38          6          0          0          0        272   dunder.o
        40          0          0          0          0         68   fpclassify.o
       170          0          0          0          0         96   poly.o
         0          0          8          0          0          0   qnan.o
        76          0          0          0          0         84   sqrt.o

    ----------------------------------------------------------------------
      8576        556        302          0         96       5664   Library Totals
        26          0          5          0          0          0   (incl. Padding)

    ----------------------------------------------------------------------

      Code (inc. data)   RO Data    RW Data    ZI Data      Debug   Library Name

      1970         38         57          0         96       2128   c_w.l
      4676        352          0          0          0       2580   fz_ws.l
      1904        166        240          0          0        956   m_ws.l

    ----------------------------------------------------------------------
      8576        556        302          0         96       5664   Library Totals

    ----------------------------------------------------------------------

==============================================================================


      Code (inc. data)   RO Data    RW Data    ZI Data      Debug   

     38324       2378       6312        336      15568     774674   Grand Totals
     38324       2378       6312         68      15568     774674   ELF Image Totals (compressed)
     38324       2378       6312         68          0          0   ROM Totals

==============================================================================

    Total RO  Size (Code + RO Data)                44636 (  43.59kB)
    Total RW  Size (RW Data + ZI Data)             15904 (  15.53kB)
    Total ROM Size (Code + RO Data + RW Data)      44704 (  43.66kB)

==============================================================================

